[0.463s] Invoking command in '/home/pranav/ros2_ws/src/webcam': CONDA_PROMPT_MODIFIER=(base) DEBUGINFOD_URLS=https://debuginfod.ubuntu.com PYTHONPATH=/home/pranav/ros2_ws/build/webcam/prefix_override:/usr/lib/python3/dist-packages/colcon_core/task/python/colcon_distutils_commands:/home/pranav/ros2_ws/install/webcam/lib/python3.12/site-packages:${PYTHONPATH} /usr/bin/python3 -W ignore:setup.py install is deprecated -W ignore:easy_install command is deprecated setup.py egg_info --egg-base ../../build/webcam build --build-base /home/pranav/ros2_ws/build/webcam/build install --record /home/pranav/ros2_ws/build/webcam/install.log --single-version-externally-managed install_data
[0.609s] running egg_info
[0.611s] creating ../../build/webcam/webcam.egg-info
[0.619s] writing ../../build/webcam/webcam.egg-info/PKG-INFO
[0.619s] writing dependency_links to ../../build/webcam/webcam.egg-info/dependency_links.txt
[0.620s] writing entry points to ../../build/webcam/webcam.egg-info/entry_points.txt
[0.620s] writing requirements to ../../build/webcam/webcam.egg-info/requires.txt
[0.620s] writing top-level names to ../../build/webcam/webcam.egg-info/top_level.txt
[0.620s] writing manifest file '../../build/webcam/webcam.egg-info/SOURCES.txt'
[0.642s] reading manifest file '../../build/webcam/webcam.egg-info/SOURCES.txt'
[0.642s] writing manifest file '../../build/webcam/webcam.egg-info/SOURCES.txt'
[0.642s] running build
[0.642s] running build_py
[0.643s] creating /home/pranav/ros2_ws/build/webcam/build
[0.643s] creating /home/pranav/ros2_ws/build/webcam/build/lib
[0.643s] creating /home/pranav/ros2_ws/build/webcam/build/lib/webcam
[0.643s] copying webcam/webcam_node.py -> /home/pranav/ros2_ws/build/webcam/build/lib/webcam
[0.643s] copying webcam/__init__.py -> /home/pranav/ros2_ws/build/webcam/build/lib/webcam
[0.643s] running install
[0.647s] running install_lib
[0.657s] creating /home/pranav/ros2_ws/install/webcam/lib/python3.12/site-packages/webcam
[0.657s] copying /home/pranav/ros2_ws/build/webcam/build/lib/webcam/webcam_node.py -> /home/pranav/ros2_ws/install/webcam/lib/python3.12/site-packages/webcam
[0.657s] copying /home/pranav/ros2_ws/build/webcam/build/lib/webcam/__init__.py -> /home/pranav/ros2_ws/install/webcam/lib/python3.12/site-packages/webcam
[0.657s] byte-compiling /home/pranav/ros2_ws/install/webcam/lib/python3.12/site-packages/webcam/webcam_node.py to webcam_node.cpython-312.pyc
[0.657s] byte-compiling /home/pranav/ros2_ws/install/webcam/lib/python3.12/site-packages/webcam/__init__.py to __init__.cpython-312.pyc
[0.657s] running install_data
[0.658s] creating /home/pranav/ros2_ws/install/webcam/share/ament_index
[0.658s] creating /home/pranav/ros2_ws/install/webcam/share/ament_index/resource_index
[0.658s] creating /home/pranav/ros2_ws/install/webcam/share/ament_index/resource_index/packages
[0.658s] copying resource/webcam -> /home/pranav/ros2_ws/install/webcam/share/ament_index/resource_index/packages
[0.658s] copying package.xml -> /home/pranav/ros2_ws/install/webcam/share/webcam
[0.658s] running install_egg_info
[0.668s] Copying ../../build/webcam/webcam.egg-info to /home/pranav/ros2_ws/install/webcam/lib/python3.12/site-packages/webcam-0.0.0-py3.12.egg-info
[0.668s] running install_scripts
[0.739s] Installing webcam_node script to /home/pranav/ros2_ws/install/webcam/lib/webcam
[0.739s] writing list of installed files to '/home/pranav/ros2_ws/build/webcam/install.log'
[0.756s] Invoked command in '/home/pranav/ros2_ws/src/webcam' returned '0': CONDA_PROMPT_MODIFIER=(base) DEBUGINFOD_URLS=https://debuginfod.ubuntu.com PYTHONPATH=/home/pranav/ros2_ws/build/webcam/prefix_override:/usr/lib/python3/dist-packages/colcon_core/task/python/colcon_distutils_commands:/home/pranav/ros2_ws/install/webcam/lib/python3.12/site-packages:${PYTHONPATH} /usr/bin/python3 -W ignore:setup.py install is deprecated -W ignore:easy_install command is deprecated setup.py egg_info --egg-base ../../build/webcam build --build-base /home/pranav/ros2_ws/build/webcam/build install --record /home/pranav/ros2_ws/build/webcam/install.log --single-version-externally-managed install_data
