[0.374s] Invoking command in '/home/pranav/ros2_ws/build/drone': CONDA_PROMPT_MODIFIER=(base) DEBUGINFOD_URLS=https://debuginfod.ubuntu.com PYTHONPATH=/home/pranav/ros2_ws/build/drone/prefix_override:/usr/lib/python3/dist-packages/colcon_core/task/python/colcon_distutils_commands:/home/pranav/ros2_ws/install/drone/lib/python3.12/site-packages:${PYTHONPATH} /usr/bin/python3 -W ignore:setup.py install is deprecated -W ignore:easy_install command is deprecated setup.py develop --editable --build-directory /home/pranav/ros2_ws/build/drone/build --no-deps symlink_data --force
[0.522s] running develop
[0.602s] running egg_info
[0.611s] writing drone.egg-info/PKG-INFO
[0.611s] writing dependency_links to drone.egg-info/dependency_links.txt
[0.611s] writing entry points to drone.egg-info/entry_points.txt
[0.612s] writing requirements to drone.egg-info/requires.txt
[0.612s] writing top-level names to drone.egg-info/top_level.txt
[0.627s] reading manifest file 'drone.egg-info/SOURCES.txt'
[0.628s] writing manifest file 'drone.egg-info/SOURCES.txt'
[0.636s] running build_ext
[0.636s] Creating /home/pranav/ros2_ws/install/drone/lib/python3.12/site-packages/drone.egg-link (link to .)
[0.636s] Installing apriltags script to /home/pranav/ros2_ws/install/drone/lib/drone
[0.636s] Installing pathfinder script to /home/pranav/ros2_ws/install/drone/lib/drone
[0.637s] 
[0.637s] Installed /home/pranav/ros2_ws/build/drone
[0.637s] running symlink_data
[0.637s] symbolically linking /home/pranav/ros2_ws/build/drone/resource/drone -> /home/pranav/ros2_ws/install/drone/share/ament_index/resource_index/packages
[0.637s] symbolically linking /home/pranav/ros2_ws/build/drone/package.xml -> /home/pranav/ros2_ws/install/drone/share/drone
[0.653s] Invoked command in '/home/pranav/ros2_ws/build/drone' returned '0': CONDA_PROMPT_MODIFIER=(base) DEBUGINFOD_URLS=https://debuginfod.ubuntu.com PYTHONPATH=/home/pranav/ros2_ws/build/drone/prefix_override:/usr/lib/python3/dist-packages/colcon_core/task/python/colcon_distutils_commands:/home/pranav/ros2_ws/install/drone/lib/python3.12/site-packages:${PYTHONPATH} /usr/bin/python3 -W ignore:setup.py install is deprecated -W ignore:easy_install command is deprecated setup.py develop --editable --build-directory /home/pranav/ros2_ws/build/drone/build --no-deps symlink_data --force
