[0.509s] Invoking command in '/home/pranav/ros2_ws/src/fizzbuzz': CONDA_PROMPT_MODIFIER=(base) DEBUGINFOD_URLS=https://debuginfod.ubuntu.com PYTHONPATH=/home/pranav/ros2_ws/build/fizzbuzz/prefix_override:/usr/lib/python3/dist-packages/colcon_core/task/python/colcon_distutils_commands:/home/pranav/ros2_ws/install/fizzbuzz/lib/python3.12/site-packages:/home/pranav/ros2_ws/install/fizzbuzz_interfaces/lib/python3.12/site-packages:/home/pranav/ros2_ws/install/webcam/lib/python3.12/site-packages:/home/pranav/ros2_ws/install/turtle_tag_game/lib/python3.12/site-packages:/home/pranav/ros2_ws/install/pet/lib/python3.12/site-packages:/home/pranav/ros2_ws/install/fizzbuzz/lib/python3.12/site-packages:/home/pranav/ros2_ws/install/fizzbuzz_interfaces/lib/python3.13/site-packages:/home/pranav/ros2_ws/install/drone/lib/python3.12/site-packages:/opt/ros/jazzy/lib/python3.12/site-packages /usr/bin/python3 -W ignore:setup.py install is deprecated -W ignore:easy_install command is deprecated setup.py egg_info --egg-base ../../build/fizzbuzz build --build-base /home/pranav/ros2_ws/build/fizzbuzz/build install --record /home/pranav/ros2_ws/build/fizzbuzz/install.log --single-version-externally-managed install_data
[0.668s] running egg_info
[0.676s] writing ../../build/fizzbuzz/fizzbuzz.egg-info/PKG-INFO
[0.676s] writing dependency_links to ../../build/fizzbuzz/fizzbuzz.egg-info/dependency_links.txt
[0.676s] writing entry points to ../../build/fizzbuzz/fizzbuzz.egg-info/entry_points.txt
[0.677s] writing requirements to ../../build/fizzbuzz/fizzbuzz.egg-info/requires.txt
[0.677s] writing top-level names to ../../build/fizzbuzz/fizzbuzz.egg-info/top_level.txt
[0.697s] reading manifest file '../../build/fizzbuzz/fizzbuzz.egg-info/SOURCES.txt'
[0.698s] writing manifest file '../../build/fizzbuzz/fizzbuzz.egg-info/SOURCES.txt'
[0.698s] running build
[0.698s] running build_py
[0.698s] running install
[0.702s] running install_lib
[0.711s] running install_data
[0.711s] running install_egg_info
[0.721s] removing '/home/pranav/ros2_ws/install/fizzbuzz/lib/python3.12/site-packages/fizzbuzz-0.0.0-py3.12.egg-info' (and everything under it)
[0.721s] Copying ../../build/fizzbuzz/fizzbuzz.egg-info to /home/pranav/ros2_ws/install/fizzbuzz/lib/python3.12/site-packages/fizzbuzz-0.0.0-py3.12.egg-info
[0.721s] running install_scripts
[0.800s] Installing fizzbuzz_subscriber script to /home/pranav/ros2_ws/install/fizzbuzz/lib/fizzbuzz
[0.800s] Installing number_publisher script to /home/pranav/ros2_ws/install/fizzbuzz/lib/fizzbuzz
[0.800s] writing list of installed files to '/home/pranav/ros2_ws/build/fizzbuzz/install.log'
[0.821s] Invoked command in '/home/pranav/ros2_ws/src/fizzbuzz' returned '0': CONDA_PROMPT_MODIFIER=(base) DEBUGINFOD_URLS=https://debuginfod.ubuntu.com PYTHONPATH=/home/pranav/ros2_ws/build/fizzbuzz/prefix_override:/usr/lib/python3/dist-packages/colcon_core/task/python/colcon_distutils_commands:/home/pranav/ros2_ws/install/fizzbuzz/lib/python3.12/site-packages:/home/pranav/ros2_ws/install/fizzbuzz_interfaces/lib/python3.12/site-packages:/home/pranav/ros2_ws/install/webcam/lib/python3.12/site-packages:/home/pranav/ros2_ws/install/turtle_tag_game/lib/python3.12/site-packages:/home/pranav/ros2_ws/install/pet/lib/python3.12/site-packages:/home/pranav/ros2_ws/install/fizzbuzz/lib/python3.12/site-packages:/home/pranav/ros2_ws/install/fizzbuzz_interfaces/lib/python3.13/site-packages:/home/pranav/ros2_ws/install/drone/lib/python3.12/site-packages:/opt/ros/jazzy/lib/python3.12/site-packages /usr/bin/python3 -W ignore:setup.py install is deprecated -W ignore:easy_install command is deprecated setup.py egg_info --egg-base ../../build/fizzbuzz build --build-base /home/pranav/ros2_ws/build/fizzbuzz/build install --record /home/pranav/ros2_ws/build/fizzbuzz/install.log --single-version-externally-managed install_data
