[0.000000] (-) TimerEvent: {}
[0.003427] (drone) JobQueued: {'identifier': 'drone', 'dependencies': OrderedDict()}
[0.003467] (fizzbuzz_interfaces) JobQueued: {'identifier': 'fizzbuzz_interfaces', 'dependencies': OrderedDict()}
[0.003487] (pet) JobQueued: {'identifier': 'pet', 'dependencies': OrderedDict()}
[0.003501] (turtle_tag_game) JobQueued: {'identifier': 'turtle_tag_game', 'dependencies': OrderedDict()}
[0.003510] (webcam) JobQueued: {'identifier': 'webcam', 'dependencies': OrderedDict()}
[0.003527] (fizzbuzz) JobQueued: {'identifier': 'fizzbuzz', 'dependencies': OrderedDict({'fizzbuzz_interfaces': '/home/pranav/ros2_ws/install/fizzbuzz_interfaces'})}
[0.003546] (fizzbuzz_interfaces) JobStarted: {'identifier': 'fizzbuzz_interfaces'}
[0.011043] (drone) JobStarted: {'identifier': 'drone'}
[0.015733] (pet) JobStarted: {'identifier': 'pet'}
[0.021671] (turtle_tag_game) JobStarted: {'identifier': 'turtle_tag_game'}
[0.025519] (fizzbuzz_interfaces) JobProgress: {'identifier': 'fizzbuzz_interfaces', 'progress': 'cmake'}
[0.026684] (fizzbuzz_interfaces) JobProgress: {'identifier': 'fizzbuzz_interfaces', 'progress': 'build'}
[0.026702] (fizzbuzz_interfaces) Command: {'cmd': ['/usr/bin/cmake', '--build', '/home/pranav/ros2_ws/build/fizzbuzz_interfaces', '--', '-j4', '-l4'], 'cwd': '/home/pranav/ros2_ws/build/fizzbuzz_interfaces', 'env': OrderedDict({'GJS_DEBUG_TOPICS': 'JS ERROR;JS LOG', 'LESSOPEN': '| /usr/bin/lesspipe %s', 'VSCODE_CWD': '/home/pranav', 'CONDA_PROMPT_MODIFIER': '(base)', 'USER': 'pranav', 'VSCODE_NLS_CONFIG': '{"userLocale":"en-us","osLocale":"en-us","resolvedLanguage":"en","defaultMessagesFile":"/usr/share/code/resources/app/out/nls.messages.json","locale":"en-us","availableLanguages":{}}', 'GZ_CONFIG_PATH': '/opt/ros/jazzy/opt/gz_transport_vendor/share/gz:/opt/ros/jazzy/opt/gz_msgs_vendor/share/gz', 'XDG_SESSION_TYPE': 'wayland', 'CLUTTER_DISABLE_MIPMAPPED_TEXT': '1', 'SHLVL': '1', 'LD_LIBRARY_PATH': '/opt/ros/jazzy/opt/rviz_ogre_vendor/lib:/opt/ros/jazzy/lib/aarch64-linux-gnu:/opt/ros/jazzy/opt/gz_transport_vendor/lib:/opt/ros/jazzy/opt/gz_msgs_vendor/lib:/opt/ros/jazzy/opt/gz_math_vendor/lib:/opt/ros/jazzy/opt/gz_utils_vendor/lib:/opt/ros/jazzy/opt/gz_tools_vendor/lib:/opt/ros/jazzy/opt/gz_cmake_vendor/lib:/opt/ros/jazzy/lib', 'HOME': '/home/pranav', 'CHROME_DESKTOP': 'code.desktop', 'CONDA_SHLVL': '1', 'OLDPWD': '/home/pranav', 'DESKTOP_SESSION': 'ubuntu', 'VSCODE_IPC_HOOK': '/run/user/1000/vscode-18e0a460-1.10-main.sock', 'GIO_LAUNCHED_DESKTOP_FILE': '/usr/share/applications/code.desktop', 'ROS_PYTHON_VERSION': '3', 'GNOME_SHELL_SESSION_MODE': 'ubuntu', 'GTK_MODULES': 'gail:atk-bridge', 'MANAGERPID': '1784', 'SYSTEMD_EXEC_PID': '1980', 'IM_CONFIG_CHECK_ENV': '1', 'GSM_SKIP_SSH_AGENT_WORKAROUND': 'true', 'DBUS_SESSION_BUS_ADDRESS': 'unix:path=/run/user/1000/bus', 'GIO_LAUNCHED_DESKTOP_FILE_PID': '4008', 'DEBUGINFOD_URLS': 'https://debuginfod.ubuntu.com', 'IM_CONFIG_PHASE': '1', 'WAYLAND_DISPLAY': 'wayland-0', 'ROS_DISTRO': 'jazzy', 'LOGNAME': 'pranav', 'JOURNAL_STREAM': '8:16214', '_': '/usr/bin/colcon', 'ROS_VERSION': '2', 'MEMORY_PRESSURE_WATCH': '/sys/fs/cgroup/user.slice/user-1000.slice/user@1000.service/session.slice/org.gnome.Shell@wayland.service/memory.pressure', 'XDG_SESSION_CLASS': 'user', 'USERNAME': 'pranav', 'GNOME_DESKTOP_SESSION_ID': 'this-is-deprecated', 'VSCODE_RESOLVING_ENVIRONMENT': '1', 'PATH': '/opt/ros/jazzy/opt/gz_msgs_vendor/bin:/opt/ros/jazzy/opt/gz_tools_vendor/bin:/opt/ros/jazzy/bin:/home/pranav/miniconda3/bin:/home/pranav/miniconda3/condabin:/home/pranav/.local/bin:/usr/local/sbin:/usr/local/bin:/usr/sbin:/usr/bin:/sbin:/bin:/usr/games:/usr/local/games:/snap/bin:/snap/bin', 'SESSION_MANAGER': 'local/pranav:@/tmp/.ICE-unix/1936,unix/pranav:/tmp/.ICE-unix/1936', 'INVOCATION_ID': '719106bc3cba46c8a07c45c2717e1828', 'XDG_MENU_PREFIX': 'gnome-', 'GNOME_SETUP_DISPLAY': ':1', 'XDG_RUNTIME_DIR': '/run/user/1000', 'GDK_BACKEND': 'x11', 'DISPLAY': ':0', 'LANG': 'en_US.UTF-8', 'XDG_CURRENT_DESKTOP': 'Unity', 'XMODIFIERS': '@im=ibus', 'XDG_SESSION_DESKTOP': 'ubuntu', 'XAUTHORITY': '/run/user/1000/.mutter-Xwaylandauth.A1VPA3', 'LS_COLORS': '', 'SSH_AUTH_SOCK': '/run/user/1000/keyring/ssh', 'AMENT_PREFIX_PATH': '/opt/ros/jazzy', 'CONDA_PYTHON_EXE': '/home/pranav/miniconda3/bin/python', 'ORIGINAL_XDG_CURRENT_DESKTOP': 'ubuntu:GNOME', 'SHELL': '/bin/bash', 'QT_ACCESSIBILITY': '1', 'ELECTRON_RUN_AS_NODE': '1', 'GDMSESSION': 'ubuntu', 'LESSCLOSE': '/usr/bin/lesspipe %s %s', 'CONDA_DEFAULT_ENV': 'base', 'GJS_DEBUG_OUTPUT': 'stderr', 'ROS_AUTOMATIC_DISCOVERY_RANGE': 'SUBNET', 'QT_IM_MODULE': 'ibus', 'PWD': '/home/pranav/ros2_ws/build/fizzbuzz_interfaces', 'LC_ALL': 'en_US.UTF-8', 'XDG_CONFIG_DIRS': '/etc/xdg/xdg-ubuntu:/etc/xdg', 'CONDA_EXE': '/home/pranav/miniconda3/bin/conda', 'VSCODE_CODE_CACHE_PATH': '/home/pranav/.config/Code/CachedData/2901c5ac6db8a986a5666c3af51ff804d05af0d4', 'XDG_DATA_DIRS': '/usr/share/ubuntu:/usr/share/gnome:/home/pranav/.local/share/flatpak/exports/share:/var/lib/flatpak/exports/share:/usr/local/share/:/usr/share/:/var/lib/snapd/desktop', 'PYTHONPATH': '/opt/ros/jazzy/lib/python3.12/site-packages', 'CONDA_PREFIX': '/home/pranav/miniconda3', 'COLCON': '1', 'MEMORY_PRESSURE_WRITE': 'c29tZSAyMDAwMDAgMjAwMDAwMAA=', 'ELECTRON_NO_ATTACH_CONSOLE': '1', 'CMAKE_PREFIX_PATH': '/opt/ros/jazzy/opt/gz_transport_vendor:/opt/ros/jazzy/opt/gz_msgs_vendor:/opt/ros/jazzy/opt/gz_math_vendor:/opt/ros/jazzy/opt/gz_utils_vendor:/opt/ros/jazzy/opt/gz_tools_vendor:/opt/ros/jazzy/opt/gz_cmake_vendor:/opt/ros/jazzy', 'VSCODE_PID': '4008'}), 'shell': False}
[0.100927] (-) TimerEvent: {}
[0.201904] (-) TimerEvent: {}
[0.302040] (-) TimerEvent: {}
[0.402173] (-) TimerEvent: {}
[0.502320] (-) TimerEvent: {}
[0.585383] (fizzbuzz_interfaces) StdoutLine: {'line': b'[  2%] Built target fizzbuzz_interfaces__rosidl_generator_type_description\n'}
[0.585485] (fizzbuzz_interfaces) StdoutLine: {'line': b'[ 17%] Built target fizzbuzz_interfaces__rosidl_generator_c\n'}
[0.585516] (fizzbuzz_interfaces) StdoutLine: {'line': b'[ 20%] Built target fizzbuzz_interfaces__cpp\n'}
[0.585548] (fizzbuzz_interfaces) StdoutLine: {'line': b'[ 20%] Built target ament_cmake_python_copy_fizzbuzz_interfaces\n'}
[0.585574] (fizzbuzz_interfaces) StdoutLine: {'line': b'[ 29%] Built target fizzbuzz_interfaces__rosidl_typesupport_cpp\n'}
[0.585598] (fizzbuzz_interfaces) StdoutLine: {'line': b'[ 38%] Built target fizzbuzz_interfaces__rosidl_typesupport_introspection_c\n'}
[0.585622] (fizzbuzz_interfaces) StdoutLine: {'line': b'[ 47%] Built target fizzbuzz_interfaces__rosidl_typesupport_c\n'}
[0.585645] (fizzbuzz_interfaces) StdoutLine: {'line': b'[ 55%] Built target fizzbuzz_interfaces__rosidl_typesupport_introspection_cpp\n'}
[0.585668] (fizzbuzz_interfaces) StdoutLine: {'line': b'[ 64%] Built target fizzbuzz_interfaces__rosidl_typesupport_fastrtps_c\n'}
[0.585692] (fizzbuzz_interfaces) StdoutLine: {'line': b'[ 73%] Built target fizzbuzz_interfaces__rosidl_typesupport_fastrtps_cpp\n'}
[0.585715] (fizzbuzz_interfaces) StdoutLine: {'line': b'[ 73%] Built target fizzbuzz_interfaces\n'}
[0.585737] (fizzbuzz_interfaces) StdoutLine: {'line': b'[ 76%] Built target fizzbuzz_interfaces__py\n'}
[0.585761] (fizzbuzz_interfaces) StdoutLine: {'line': b'[ 82%] Built target fizzbuzz_interfaces__rosidl_generator_py\n'}
[0.585784] (fizzbuzz_interfaces) StdoutLine: {'line': b'[ 94%] Built target fizzbuzz_interfaces_s__rosidl_typesupport_c\n'}
[0.585814] (fizzbuzz_interfaces) StdoutLine: {'line': b'[ 88%] Built target fizzbuzz_interfaces_s__rosidl_typesupport_introspection_c\n'}
[0.585914] (fizzbuzz_interfaces) StdoutLine: {'line': b'[100%] Built target fizzbuzz_interfaces_s__rosidl_typesupport_fastrtps_c\n'}
[0.585948] (fizzbuzz_interfaces) StdoutLine: {'line': b'running egg_info\n'}
[0.585974] (fizzbuzz_interfaces) StdoutLine: {'line': b'writing fizzbuzz_interfaces.egg-info/PKG-INFO\n'}
[0.586000] (fizzbuzz_interfaces) StdoutLine: {'line': b'writing dependency_links to fizzbuzz_interfaces.egg-info/dependency_links.txt\n'}
[0.586025] (fizzbuzz_interfaces) StdoutLine: {'line': b'writing top-level names to fizzbuzz_interfaces.egg-info/top_level.txt\n'}
[0.586049] (fizzbuzz_interfaces) StdoutLine: {'line': b"reading manifest file 'fizzbuzz_interfaces.egg-info/SOURCES.txt'\n"}
[0.586076] (fizzbuzz_interfaces) StdoutLine: {'line': b"writing manifest file 'fizzbuzz_interfaces.egg-info/SOURCES.txt'\n"}
[0.586106] (fizzbuzz_interfaces) StdoutLine: {'line': b'[100%] Built target ament_cmake_python_build_fizzbuzz_interfaces_egg\n'}
[0.603964] (-) TimerEvent: {}
[0.704320] (-) TimerEvent: {}
[0.789972] (fizzbuzz_interfaces) CommandEnded: {'returncode': 0}
[0.790286] (fizzbuzz_interfaces) JobProgress: {'identifier': 'fizzbuzz_interfaces', 'progress': 'install'}
[0.797058] (fizzbuzz_interfaces) Command: {'cmd': ['/usr/bin/cmake', '--install', '/home/pranav/ros2_ws/build/fizzbuzz_interfaces'], 'cwd': '/home/pranav/ros2_ws/build/fizzbuzz_interfaces', 'env': OrderedDict({'GJS_DEBUG_TOPICS': 'JS ERROR;JS LOG', 'LESSOPEN': '| /usr/bin/lesspipe %s', 'VSCODE_CWD': '/home/pranav', 'CONDA_PROMPT_MODIFIER': '(base)', 'USER': 'pranav', 'VSCODE_NLS_CONFIG': '{"userLocale":"en-us","osLocale":"en-us","resolvedLanguage":"en","defaultMessagesFile":"/usr/share/code/resources/app/out/nls.messages.json","locale":"en-us","availableLanguages":{}}', 'GZ_CONFIG_PATH': '/opt/ros/jazzy/opt/gz_transport_vendor/share/gz:/opt/ros/jazzy/opt/gz_msgs_vendor/share/gz', 'XDG_SESSION_TYPE': 'wayland', 'CLUTTER_DISABLE_MIPMAPPED_TEXT': '1', 'SHLVL': '1', 'LD_LIBRARY_PATH': '/opt/ros/jazzy/opt/rviz_ogre_vendor/lib:/opt/ros/jazzy/lib/aarch64-linux-gnu:/opt/ros/jazzy/opt/gz_transport_vendor/lib:/opt/ros/jazzy/opt/gz_msgs_vendor/lib:/opt/ros/jazzy/opt/gz_math_vendor/lib:/opt/ros/jazzy/opt/gz_utils_vendor/lib:/opt/ros/jazzy/opt/gz_tools_vendor/lib:/opt/ros/jazzy/opt/gz_cmake_vendor/lib:/opt/ros/jazzy/lib', 'HOME': '/home/pranav', 'CHROME_DESKTOP': 'code.desktop', 'CONDA_SHLVL': '1', 'OLDPWD': '/home/pranav', 'DESKTOP_SESSION': 'ubuntu', 'VSCODE_IPC_HOOK': '/run/user/1000/vscode-18e0a460-1.10-main.sock', 'GIO_LAUNCHED_DESKTOP_FILE': '/usr/share/applications/code.desktop', 'ROS_PYTHON_VERSION': '3', 'GNOME_SHELL_SESSION_MODE': 'ubuntu', 'GTK_MODULES': 'gail:atk-bridge', 'MANAGERPID': '1784', 'SYSTEMD_EXEC_PID': '1980', 'IM_CONFIG_CHECK_ENV': '1', 'GSM_SKIP_SSH_AGENT_WORKAROUND': 'true', 'DBUS_SESSION_BUS_ADDRESS': 'unix:path=/run/user/1000/bus', 'GIO_LAUNCHED_DESKTOP_FILE_PID': '4008', 'DEBUGINFOD_URLS': 'https://debuginfod.ubuntu.com', 'IM_CONFIG_PHASE': '1', 'WAYLAND_DISPLAY': 'wayland-0', 'ROS_DISTRO': 'jazzy', 'LOGNAME': 'pranav', 'JOURNAL_STREAM': '8:16214', '_': '/usr/bin/colcon', 'ROS_VERSION': '2', 'MEMORY_PRESSURE_WATCH': '/sys/fs/cgroup/user.slice/user-1000.slice/user@1000.service/session.slice/org.gnome.Shell@wayland.service/memory.pressure', 'XDG_SESSION_CLASS': 'user', 'USERNAME': 'pranav', 'GNOME_DESKTOP_SESSION_ID': 'this-is-deprecated', 'VSCODE_RESOLVING_ENVIRONMENT': '1', 'PATH': '/opt/ros/jazzy/opt/gz_msgs_vendor/bin:/opt/ros/jazzy/opt/gz_tools_vendor/bin:/opt/ros/jazzy/bin:/home/pranav/miniconda3/bin:/home/pranav/miniconda3/condabin:/home/pranav/.local/bin:/usr/local/sbin:/usr/local/bin:/usr/sbin:/usr/bin:/sbin:/bin:/usr/games:/usr/local/games:/snap/bin:/snap/bin', 'SESSION_MANAGER': 'local/pranav:@/tmp/.ICE-unix/1936,unix/pranav:/tmp/.ICE-unix/1936', 'INVOCATION_ID': '719106bc3cba46c8a07c45c2717e1828', 'XDG_MENU_PREFIX': 'gnome-', 'GNOME_SETUP_DISPLAY': ':1', 'XDG_RUNTIME_DIR': '/run/user/1000', 'GDK_BACKEND': 'x11', 'DISPLAY': ':0', 'LANG': 'en_US.UTF-8', 'XDG_CURRENT_DESKTOP': 'Unity', 'XMODIFIERS': '@im=ibus', 'XDG_SESSION_DESKTOP': 'ubuntu', 'XAUTHORITY': '/run/user/1000/.mutter-Xwaylandauth.A1VPA3', 'LS_COLORS': '', 'SSH_AUTH_SOCK': '/run/user/1000/keyring/ssh', 'AMENT_PREFIX_PATH': '/opt/ros/jazzy', 'CONDA_PYTHON_EXE': '/home/pranav/miniconda3/bin/python', 'ORIGINAL_XDG_CURRENT_DESKTOP': 'ubuntu:GNOME', 'SHELL': '/bin/bash', 'QT_ACCESSIBILITY': '1', 'ELECTRON_RUN_AS_NODE': '1', 'GDMSESSION': 'ubuntu', 'LESSCLOSE': '/usr/bin/lesspipe %s %s', 'CONDA_DEFAULT_ENV': 'base', 'GJS_DEBUG_OUTPUT': 'stderr', 'ROS_AUTOMATIC_DISCOVERY_RANGE': 'SUBNET', 'QT_IM_MODULE': 'ibus', 'PWD': '/home/pranav/ros2_ws/build/fizzbuzz_interfaces', 'LC_ALL': 'en_US.UTF-8', 'XDG_CONFIG_DIRS': '/etc/xdg/xdg-ubuntu:/etc/xdg', 'CONDA_EXE': '/home/pranav/miniconda3/bin/conda', 'VSCODE_CODE_CACHE_PATH': '/home/pranav/.config/Code/CachedData/2901c5ac6db8a986a5666c3af51ff804d05af0d4', 'XDG_DATA_DIRS': '/usr/share/ubuntu:/usr/share/gnome:/home/pranav/.local/share/flatpak/exports/share:/var/lib/flatpak/exports/share:/usr/local/share/:/usr/share/:/var/lib/snapd/desktop', 'PYTHONPATH': '/opt/ros/jazzy/lib/python3.12/site-packages', 'CONDA_PREFIX': '/home/pranav/miniconda3', 'COLCON': '1', 'MEMORY_PRESSURE_WRITE': 'c29tZSAyMDAwMDAgMjAwMDAwMAA=', 'ELECTRON_NO_ATTACH_CONSOLE': '1', 'CMAKE_PREFIX_PATH': '/opt/ros/jazzy/opt/gz_transport_vendor:/opt/ros/jazzy/opt/gz_msgs_vendor:/opt/ros/jazzy/opt/gz_math_vendor:/opt/ros/jazzy/opt/gz_utils_vendor:/opt/ros/jazzy/opt/gz_tools_vendor:/opt/ros/jazzy/opt/gz_cmake_vendor:/opt/ros/jazzy', 'VSCODE_PID': '4008'}), 'shell': False}
[0.806883] (-) TimerEvent: {}
[0.812960] (fizzbuzz_interfaces) StdoutLine: {'line': b'-- Install configuration: ""\n'}
[0.813047] (fizzbuzz_interfaces) StdoutLine: {'line': b'-- Up-to-date: /home/pranav/ros2_ws/install/fizzbuzz_interfaces/include/fizzbuzz_interfaces/fizzbuzz_interfaces\n'}
[0.813083] (fizzbuzz_interfaces) StdoutLine: {'line': b'-- Up-to-date: /home/pranav/ros2_ws/install/fizzbuzz_interfaces/include/fizzbuzz_interfaces/fizzbuzz_interfaces/msg\n'}
[0.813117] (fizzbuzz_interfaces) StdoutLine: {'line': b'-- Up-to-date: /home/pranav/ros2_ws/install/fizzbuzz_interfaces/include/fizzbuzz_interfaces/fizzbuzz_interfaces/msg/detail\n'}
[0.813143] (fizzbuzz_interfaces) StdoutLine: {'line': b'-- Up-to-date: /home/pranav/ros2_ws/install/fizzbuzz_interfaces/include/fizzbuzz_interfaces/fizzbuzz_interfaces/msg/detail/fizz_buzz__type_support.c\n'}
[0.813170] (fizzbuzz_interfaces) StdoutLine: {'line': b'-- Up-to-date: /home/pranav/ros2_ws/install/fizzbuzz_interfaces/include/fizzbuzz_interfaces/fizzbuzz_interfaces/msg/detail/fizz_buzz__functions.c\n'}
[0.813206] (fizzbuzz_interfaces) StdoutLine: {'line': b'-- Up-to-date: /home/pranav/ros2_ws/install/fizzbuzz_interfaces/include/fizzbuzz_interfaces/fizzbuzz_interfaces/msg/detail/fizz_buzz__description.c\n'}
[0.813246] (fizzbuzz_interfaces) StdoutLine: {'line': b'-- Up-to-date: /home/pranav/ros2_ws/install/fizzbuzz_interfaces/lib/libfizzbuzz_interfaces__rosidl_generator_c.so\n'}
[0.813283] (fizzbuzz_interfaces) StdoutLine: {'line': b'-- Up-to-date: /home/pranav/ros2_ws/install/fizzbuzz_interfaces/include/fizzbuzz_interfaces/fizzbuzz_interfaces\n'}
[0.813315] (fizzbuzz_interfaces) StdoutLine: {'line': b'-- Up-to-date: /home/pranav/ros2_ws/install/fizzbuzz_interfaces/include/fizzbuzz_interfaces/fizzbuzz_interfaces/msg\n'}
[0.813359] (fizzbuzz_interfaces) StdoutLine: {'line': b'-- Up-to-date: /home/pranav/ros2_ws/install/fizzbuzz_interfaces/include/fizzbuzz_interfaces/fizzbuzz_interfaces/msg/detail\n'}
[0.813399] (fizzbuzz_interfaces) StdoutLine: {'line': b'-- Up-to-date: /home/pranav/ros2_ws/install/fizzbuzz_interfaces/lib/libfizzbuzz_interfaces__rosidl_typesupport_fastrtps_c.so\n'}
[0.813437] (fizzbuzz_interfaces) StdoutLine: {'line': b'-- Up-to-date: /home/pranav/ros2_ws/install/fizzbuzz_interfaces/include/fizzbuzz_interfaces/fizzbuzz_interfaces\n'}
[0.813485] (fizzbuzz_interfaces) StdoutLine: {'line': b'-- Up-to-date: /home/pranav/ros2_ws/install/fizzbuzz_interfaces/include/fizzbuzz_interfaces/fizzbuzz_interfaces/msg\n'}
[0.813510] (fizzbuzz_interfaces) StdoutLine: {'line': b'-- Up-to-date: /home/pranav/ros2_ws/install/fizzbuzz_interfaces/include/fizzbuzz_interfaces/fizzbuzz_interfaces/msg/detail\n'}
[0.813541] (fizzbuzz_interfaces) StdoutLine: {'line': b'-- Up-to-date: /home/pranav/ros2_ws/install/fizzbuzz_interfaces/include/fizzbuzz_interfaces/fizzbuzz_interfaces\n'}
[0.813583] (fizzbuzz_interfaces) StdoutLine: {'line': b'-- Up-to-date: /home/pranav/ros2_ws/install/fizzbuzz_interfaces/include/fizzbuzz_interfaces/fizzbuzz_interfaces/msg\n'}
[0.813615] (fizzbuzz_interfaces) StdoutLine: {'line': b'-- Up-to-date: /home/pranav/ros2_ws/install/fizzbuzz_interfaces/include/fizzbuzz_interfaces/fizzbuzz_interfaces/msg/detail\n'}
[0.813644] (fizzbuzz_interfaces) StdoutLine: {'line': b'-- Up-to-date: /home/pranav/ros2_ws/install/fizzbuzz_interfaces/include/fizzbuzz_interfaces/fizzbuzz_interfaces/msg/detail/dds_fastrtps\n'}
[0.813668] (fizzbuzz_interfaces) StdoutLine: {'line': b'-- Up-to-date: /home/pranav/ros2_ws/install/fizzbuzz_interfaces/lib/libfizzbuzz_interfaces__rosidl_typesupport_fastrtps_cpp.so\n'}
[0.813697] (fizzbuzz_interfaces) StdoutLine: {'line': b'-- Up-to-date: /home/pranav/ros2_ws/install/fizzbuzz_interfaces/include/fizzbuzz_interfaces/fizzbuzz_interfaces\n'}
[0.813728] (fizzbuzz_interfaces) StdoutLine: {'line': b'-- Up-to-date: /home/pranav/ros2_ws/install/fizzbuzz_interfaces/include/fizzbuzz_interfaces/fizzbuzz_interfaces/msg\n'}
[0.813759] (fizzbuzz_interfaces) StdoutLine: {'line': b'-- Up-to-date: /home/pranav/ros2_ws/install/fizzbuzz_interfaces/include/fizzbuzz_interfaces/fizzbuzz_interfaces/msg/detail\n'}
[0.813789] (fizzbuzz_interfaces) StdoutLine: {'line': b'-- Up-to-date: /home/pranav/ros2_ws/install/fizzbuzz_interfaces/include/fizzbuzz_interfaces/fizzbuzz_interfaces/msg/detail/fizz_buzz__type_support.c\n'}
[0.813813] (fizzbuzz_interfaces) StdoutLine: {'line': b'-- Up-to-date: /home/pranav/ros2_ws/install/fizzbuzz_interfaces/lib/libfizzbuzz_interfaces__rosidl_typesupport_introspection_c.so\n'}
[0.813949] (fizzbuzz_interfaces) StdoutLine: {'line': b'-- Up-to-date: /home/pranav/ros2_ws/install/fizzbuzz_interfaces/lib/libfizzbuzz_interfaces__rosidl_typesupport_c.so\n'}
[0.814001] (fizzbuzz_interfaces) StdoutLine: {'line': b'-- Up-to-date: /home/pranav/ros2_ws/install/fizzbuzz_interfaces/include/fizzbuzz_interfaces/fizzbuzz_interfaces\n'}
[0.814046] (fizzbuzz_interfaces) StdoutLine: {'line': b'-- Up-to-date: /home/pranav/ros2_ws/install/fizzbuzz_interfaces/include/fizzbuzz_interfaces/fizzbuzz_interfaces/msg\n'}
[0.814073] (fizzbuzz_interfaces) StdoutLine: {'line': b'-- Up-to-date: /home/pranav/ros2_ws/install/fizzbuzz_interfaces/include/fizzbuzz_interfaces/fizzbuzz_interfaces/msg/detail\n'}
[0.814112] (fizzbuzz_interfaces) StdoutLine: {'line': b'-- Up-to-date: /home/pranav/ros2_ws/install/fizzbuzz_interfaces/include/fizzbuzz_interfaces/fizzbuzz_interfaces/msg/detail/fizz_buzz__type_support.cpp\n'}
[0.814150] (fizzbuzz_interfaces) StdoutLine: {'line': b'-- Up-to-date: /home/pranav/ros2_ws/install/fizzbuzz_interfaces/lib/libfizzbuzz_interfaces__rosidl_typesupport_introspection_cpp.so\n'}
[0.814182] (fizzbuzz_interfaces) StdoutLine: {'line': b'-- Up-to-date: /home/pranav/ros2_ws/install/fizzbuzz_interfaces/lib/libfizzbuzz_interfaces__rosidl_typesupport_cpp.so\n'}
[0.814213] (fizzbuzz_interfaces) StdoutLine: {'line': b'-- Up-to-date: /home/pranav/ros2_ws/install/fizzbuzz_interfaces/lib/python3.13/site-packages/fizzbuzz_interfaces-0.0.0-py3.13.egg-info\n'}
[0.814245] (fizzbuzz_interfaces) StdoutLine: {'line': b'-- Installing: /home/pranav/ros2_ws/install/fizzbuzz_interfaces/lib/python3.13/site-packages/fizzbuzz_interfaces-0.0.0-py3.13.egg-info/PKG-INFO\n'}
[0.814277] (fizzbuzz_interfaces) StdoutLine: {'line': b'-- Installing: /home/pranav/ros2_ws/install/fizzbuzz_interfaces/lib/python3.13/site-packages/fizzbuzz_interfaces-0.0.0-py3.13.egg-info/dependency_links.txt\n'}
[0.814302] (fizzbuzz_interfaces) StdoutLine: {'line': b'-- Installing: /home/pranav/ros2_ws/install/fizzbuzz_interfaces/lib/python3.13/site-packages/fizzbuzz_interfaces-0.0.0-py3.13.egg-info/SOURCES.txt\n'}
[0.814339] (fizzbuzz_interfaces) StdoutLine: {'line': b'-- Installing: /home/pranav/ros2_ws/install/fizzbuzz_interfaces/lib/python3.13/site-packages/fizzbuzz_interfaces-0.0.0-py3.13.egg-info/top_level.txt\n'}
[0.814368] (fizzbuzz_interfaces) StdoutLine: {'line': b'-- Up-to-date: /home/pranav/ros2_ws/install/fizzbuzz_interfaces/lib/python3.13/site-packages/fizzbuzz_interfaces\n'}
[0.814392] (fizzbuzz_interfaces) StdoutLine: {'line': b'-- Up-to-date: /home/pranav/ros2_ws/install/fizzbuzz_interfaces/lib/python3.13/site-packages/fizzbuzz_interfaces/fizzbuzz_interfaces_s__rosidl_typesupport_introspection_c.so\n'}
[0.814427] (fizzbuzz_interfaces) StdoutLine: {'line': b'-- Up-to-date: /home/pranav/ros2_ws/install/fizzbuzz_interfaces/lib/python3.13/site-packages/fizzbuzz_interfaces/_fizzbuzz_interfaces_s.ep.rosidl_typesupport_c.c\n'}
[0.814464] (fizzbuzz_interfaces) StdoutLine: {'line': b'-- Up-to-date: /home/pranav/ros2_ws/install/fizzbuzz_interfaces/lib/python3.13/site-packages/fizzbuzz_interfaces/_fizzbuzz_interfaces_s.ep.rosidl_typesupport_introspection_c.c\n'}
[0.814495] (fizzbuzz_interfaces) StdoutLine: {'line': b'-- Up-to-date: /home/pranav/ros2_ws/install/fizzbuzz_interfaces/lib/python3.13/site-packages/fizzbuzz_interfaces/msg\n'}
[0.814531] (fizzbuzz_interfaces) StdoutLine: {'line': b'-- Up-to-date: /home/pranav/ros2_ws/install/fizzbuzz_interfaces/lib/python3.13/site-packages/fizzbuzz_interfaces/msg/_fizz_buzz_s.c\n'}
[0.814565] (fizzbuzz_interfaces) StdoutLine: {'line': b'-- Up-to-date: /home/pranav/ros2_ws/install/fizzbuzz_interfaces/lib/python3.13/site-packages/fizzbuzz_interfaces/msg/_fizz_buzz.py\n'}
[0.814589] (fizzbuzz_interfaces) StdoutLine: {'line': b'-- Up-to-date: /home/pranav/ros2_ws/install/fizzbuzz_interfaces/lib/python3.13/site-packages/fizzbuzz_interfaces/msg/__init__.py\n'}
[0.814613] (fizzbuzz_interfaces) StdoutLine: {'line': b'-- Up-to-date: /home/pranav/ros2_ws/install/fizzbuzz_interfaces/lib/python3.13/site-packages/fizzbuzz_interfaces/__init__.py\n'}
[0.814636] (fizzbuzz_interfaces) StdoutLine: {'line': b'-- Up-to-date: /home/pranav/ros2_ws/install/fizzbuzz_interfaces/lib/python3.13/site-packages/fizzbuzz_interfaces/fizzbuzz_interfaces_s__rosidl_typesupport_fastrtps_c.so\n'}
[0.814730] (fizzbuzz_interfaces) StdoutLine: {'line': b'-- Up-to-date: /home/pranav/ros2_ws/install/fizzbuzz_interfaces/lib/python3.13/site-packages/fizzbuzz_interfaces/_fizzbuzz_interfaces_s.ep.rosidl_typesupport_fastrtps_c.c\n'}
[0.814800] (fizzbuzz_interfaces) StdoutLine: {'line': b'-- Up-to-date: /home/pranav/ros2_ws/install/fizzbuzz_interfaces/lib/python3.13/site-packages/fizzbuzz_interfaces/fizzbuzz_interfaces_s__rosidl_typesupport_c.so\n'}
[0.859918] (fizzbuzz_interfaces) StdoutLine: {'line': b"Listing '/home/pranav/ros2_ws/install/fizzbuzz_interfaces/lib/python3.13/site-packages/fizzbuzz_interfaces'...\n"}
[0.860042] (fizzbuzz_interfaces) StdoutLine: {'line': b"Listing '/home/pranav/ros2_ws/install/fizzbuzz_interfaces/lib/python3.13/site-packages/fizzbuzz_interfaces/msg'...\n"}
[0.860075] (fizzbuzz_interfaces) StdoutLine: {'line': b'-- Up-to-date: /home/pranav/ros2_ws/install/fizzbuzz_interfaces/lib/python3.13/site-packages/fizzbuzz_interfaces/fizzbuzz_interfaces_s__rosidl_typesupport_fastrtps_c.so\n'}
[0.860218] (fizzbuzz_interfaces) StdoutLine: {'line': b'-- Up-to-date: /home/pranav/ros2_ws/install/fizzbuzz_interfaces/lib/python3.13/site-packages/fizzbuzz_interfaces/fizzbuzz_interfaces_s__rosidl_typesupport_introspection_c.so\n'}
[0.860268] (fizzbuzz_interfaces) StdoutLine: {'line': b'-- Up-to-date: /home/pranav/ros2_ws/install/fizzbuzz_interfaces/lib/python3.13/site-packages/fizzbuzz_interfaces/fizzbuzz_interfaces_s__rosidl_typesupport_c.so\n'}
[0.860296] (fizzbuzz_interfaces) StdoutLine: {'line': b'-- Up-to-date: /home/pranav/ros2_ws/install/fizzbuzz_interfaces/lib/libfizzbuzz_interfaces__rosidl_generator_py.so\n'}
[0.860320] (fizzbuzz_interfaces) StdoutLine: {'line': b'-- Installing: /home/pranav/ros2_ws/install/fizzbuzz_interfaces/share/fizzbuzz_interfaces/package.dsv\n'}
[0.860344] (fizzbuzz_interfaces) StdoutLine: {'line': b'-- Up-to-date: /home/pranav/ros2_ws/install/fizzbuzz_interfaces/share/fizzbuzz_interfaces/cmake/export_fizzbuzz_interfaces__rosidl_generator_cExport.cmake\n'}
[0.860368] (fizzbuzz_interfaces) StdoutLine: {'line': b'-- Up-to-date: /home/pranav/ros2_ws/install/fizzbuzz_interfaces/share/fizzbuzz_interfaces/cmake/export_fizzbuzz_interfaces__rosidl_generator_cExport-noconfig.cmake\n'}
[0.860402] (fizzbuzz_interfaces) StdoutLine: {'line': b'-- Up-to-date: /home/pranav/ros2_ws/install/fizzbuzz_interfaces/share/fizzbuzz_interfaces/cmake/export_fizzbuzz_interfaces__rosidl_typesupport_fastrtps_cExport.cmake\n'}
[0.860432] (fizzbuzz_interfaces) StdoutLine: {'line': b'-- Up-to-date: /home/pranav/ros2_ws/install/fizzbuzz_interfaces/share/fizzbuzz_interfaces/cmake/export_fizzbuzz_interfaces__rosidl_typesupport_fastrtps_cExport-noconfig.cmake\n'}
[0.860502] (fizzbuzz_interfaces) StdoutLine: {'line': b'-- Up-to-date: /home/pranav/ros2_ws/install/fizzbuzz_interfaces/share/fizzbuzz_interfaces/cmake/export_fizzbuzz_interfaces__rosidl_generator_cppExport.cmake\n'}
[0.860541] (fizzbuzz_interfaces) StdoutLine: {'line': b'-- Up-to-date: /home/pranav/ros2_ws/install/fizzbuzz_interfaces/share/fizzbuzz_interfaces/cmake/export_fizzbuzz_interfaces__rosidl_typesupport_fastrtps_cppExport.cmake\n'}
[0.860578] (fizzbuzz_interfaces) StdoutLine: {'line': b'-- Up-to-date: /home/pranav/ros2_ws/install/fizzbuzz_interfaces/share/fizzbuzz_interfaces/cmake/export_fizzbuzz_interfaces__rosidl_typesupport_fastrtps_cppExport-noconfig.cmake\n'}
[0.860635] (fizzbuzz_interfaces) StdoutLine: {'line': b'-- Up-to-date: /home/pranav/ros2_ws/install/fizzbuzz_interfaces/share/fizzbuzz_interfaces/cmake/fizzbuzz_interfaces__rosidl_typesupport_introspection_cExport.cmake\n'}
[0.860671] (fizzbuzz_interfaces) StdoutLine: {'line': b'-- Up-to-date: /home/pranav/ros2_ws/install/fizzbuzz_interfaces/share/fizzbuzz_interfaces/cmake/fizzbuzz_interfaces__rosidl_typesupport_introspection_cExport-noconfig.cmake\n'}
[0.860704] (fizzbuzz_interfaces) StdoutLine: {'line': b'-- Up-to-date: /home/pranav/ros2_ws/install/fizzbuzz_interfaces/share/fizzbuzz_interfaces/cmake/fizzbuzz_interfaces__rosidl_typesupport_cExport.cmake\n'}
[0.860729] (fizzbuzz_interfaces) StdoutLine: {'line': b'-- Up-to-date: /home/pranav/ros2_ws/install/fizzbuzz_interfaces/share/fizzbuzz_interfaces/cmake/fizzbuzz_interfaces__rosidl_typesupport_cExport-noconfig.cmake\n'}
[0.860778] (fizzbuzz_interfaces) StdoutLine: {'line': b'-- Up-to-date: /home/pranav/ros2_ws/install/fizzbuzz_interfaces/share/fizzbuzz_interfaces/cmake/fizzbuzz_interfaces__rosidl_typesupport_introspection_cppExport.cmake\n'}
[0.860810] (fizzbuzz_interfaces) StdoutLine: {'line': b'-- Up-to-date: /home/pranav/ros2_ws/install/fizzbuzz_interfaces/share/fizzbuzz_interfaces/cmake/fizzbuzz_interfaces__rosidl_typesupport_introspection_cppExport-noconfig.cmake\n'}
[0.860932] (fizzbuzz_interfaces) StdoutLine: {'line': b'-- Up-to-date: /home/pranav/ros2_ws/install/fizzbuzz_interfaces/share/fizzbuzz_interfaces/cmake/fizzbuzz_interfaces__rosidl_typesupport_cppExport.cmake\n'}
[0.860975] (fizzbuzz_interfaces) StdoutLine: {'line': b'-- Up-to-date: /home/pranav/ros2_ws/install/fizzbuzz_interfaces/share/fizzbuzz_interfaces/cmake/fizzbuzz_interfaces__rosidl_typesupport_cppExport-noconfig.cmake\n'}
[0.861048] (fizzbuzz_interfaces) StdoutLine: {'line': b'-- Up-to-date: /home/pranav/ros2_ws/install/fizzbuzz_interfaces/share/fizzbuzz_interfaces/cmake/export_fizzbuzz_interfaces__rosidl_generator_pyExport.cmake\n'}
[0.861082] (fizzbuzz_interfaces) StdoutLine: {'line': b'-- Up-to-date: /home/pranav/ros2_ws/install/fizzbuzz_interfaces/share/fizzbuzz_interfaces/cmake/export_fizzbuzz_interfaces__rosidl_generator_pyExport-noconfig.cmake\n'}
[0.867913] (fizzbuzz_interfaces) CommandEnded: {'returncode': 0}
[0.906466] (fizzbuzz_interfaces) JobEnded: {'identifier': 'fizzbuzz_interfaces', 'rc': 0}
[0.907068] (-) TimerEvent: {}
[0.912566] (webcam) JobStarted: {'identifier': 'webcam'}
[1.010910] (-) TimerEvent: {}
[1.114954] (-) TimerEvent: {}
[1.215945] (-) TimerEvent: {}
[1.316456] (-) TimerEvent: {}
[1.416586] (-) TimerEvent: {}
[1.516754] (-) TimerEvent: {}
[1.563311] (turtle_tag_game) Command: {'cmd': ['/usr/bin/python3', '-W', 'ignore:setup.py install is deprecated', '-W', 'ignore:easy_install command is deprecated', 'setup.py', 'egg_info', '--egg-base', '../../build/turtle_tag_game', 'build', '--build-base', '/home/pranav/ros2_ws/build/turtle_tag_game/build', 'install', '--record', '/home/pranav/ros2_ws/build/turtle_tag_game/install.log', '--single-version-externally-managed', 'install_data'], 'cwd': '/home/pranav/ros2_ws/src/turtle_tag_game', 'env': {'GJS_DEBUG_TOPICS': 'JS ERROR;JS LOG', 'LESSOPEN': '| /usr/bin/lesspipe %s', 'VSCODE_CWD': '/home/pranav', 'CONDA_PROMPT_MODIFIER': '(base)', 'USER': 'pranav', 'VSCODE_NLS_CONFIG': '{"userLocale":"en-us","osLocale":"en-us","resolvedLanguage":"en","defaultMessagesFile":"/usr/share/code/resources/app/out/nls.messages.json","locale":"en-us","availableLanguages":{}}', 'GZ_CONFIG_PATH': '/opt/ros/jazzy/opt/gz_transport_vendor/share/gz:/opt/ros/jazzy/opt/gz_msgs_vendor/share/gz', 'XDG_SESSION_TYPE': 'wayland', 'CLUTTER_DISABLE_MIPMAPPED_TEXT': '1', 'SHLVL': '1', 'LD_LIBRARY_PATH': '/opt/ros/jazzy/opt/rviz_ogre_vendor/lib:/opt/ros/jazzy/lib/aarch64-linux-gnu:/opt/ros/jazzy/opt/gz_transport_vendor/lib:/opt/ros/jazzy/opt/gz_msgs_vendor/lib:/opt/ros/jazzy/opt/gz_math_vendor/lib:/opt/ros/jazzy/opt/gz_utils_vendor/lib:/opt/ros/jazzy/opt/gz_tools_vendor/lib:/opt/ros/jazzy/opt/gz_cmake_vendor/lib:/opt/ros/jazzy/lib', 'HOME': '/home/pranav', 'CHROME_DESKTOP': 'code.desktop', 'CONDA_SHLVL': '1', 'OLDPWD': '/home/pranav', 'DESKTOP_SESSION': 'ubuntu', 'VSCODE_IPC_HOOK': '/run/user/1000/vscode-18e0a460-1.10-main.sock', 'GIO_LAUNCHED_DESKTOP_FILE': '/usr/share/applications/code.desktop', 'ROS_PYTHON_VERSION': '3', 'GNOME_SHELL_SESSION_MODE': 'ubuntu', 'GTK_MODULES': 'gail:atk-bridge', 'MANAGERPID': '1784', 'SYSTEMD_EXEC_PID': '1980', 'IM_CONFIG_CHECK_ENV': '1', 'GSM_SKIP_SSH_AGENT_WORKAROUND': 'true', 'DBUS_SESSION_BUS_ADDRESS': 'unix:path=/run/user/1000/bus', 'GIO_LAUNCHED_DESKTOP_FILE_PID': '4008', 'DEBUGINFOD_URLS': 'https://debuginfod.ubuntu.com', 'IM_CONFIG_PHASE': '1', 'WAYLAND_DISPLAY': 'wayland-0', 'ROS_DISTRO': 'jazzy', 'LOGNAME': 'pranav', 'JOURNAL_STREAM': '8:16214', '_': '/usr/bin/colcon', 'ROS_VERSION': '2', 'MEMORY_PRESSURE_WATCH': '/sys/fs/cgroup/user.slice/user-1000.slice/user@1000.service/session.slice/org.gnome.Shell@wayland.service/memory.pressure', 'XDG_SESSION_CLASS': 'user', 'USERNAME': 'pranav', 'GNOME_DESKTOP_SESSION_ID': 'this-is-deprecated', 'VSCODE_RESOLVING_ENVIRONMENT': '1', 'PATH': '/opt/ros/jazzy/opt/gz_msgs_vendor/bin:/opt/ros/jazzy/opt/gz_tools_vendor/bin:/opt/ros/jazzy/bin:/home/pranav/miniconda3/bin:/home/pranav/miniconda3/condabin:/home/pranav/.local/bin:/usr/local/sbin:/usr/local/bin:/usr/sbin:/usr/bin:/sbin:/bin:/usr/games:/usr/local/games:/snap/bin:/snap/bin', 'SESSION_MANAGER': 'local/pranav:@/tmp/.ICE-unix/1936,unix/pranav:/tmp/.ICE-unix/1936', 'INVOCATION_ID': '719106bc3cba46c8a07c45c2717e1828', 'XDG_MENU_PREFIX': 'gnome-', 'GNOME_SETUP_DISPLAY': ':1', 'XDG_RUNTIME_DIR': '/run/user/1000', 'GDK_BACKEND': 'x11', 'DISPLAY': ':0', 'LANG': 'en_US.UTF-8', 'XDG_CURRENT_DESKTOP': 'Unity', 'XMODIFIERS': '@im=ibus', 'XDG_SESSION_DESKTOP': 'ubuntu', 'XAUTHORITY': '/run/user/1000/.mutter-Xwaylandauth.A1VPA3', 'LS_COLORS': '', 'SSH_AUTH_SOCK': '/run/user/1000/keyring/ssh', 'AMENT_PREFIX_PATH': '/opt/ros/jazzy', 'CONDA_PYTHON_EXE': '/home/pranav/miniconda3/bin/python', 'ORIGINAL_XDG_CURRENT_DESKTOP': 'ubuntu:GNOME', 'SHELL': '/bin/bash', 'QT_ACCESSIBILITY': '1', 'ELECTRON_RUN_AS_NODE': '1', 'GDMSESSION': 'ubuntu', 'LESSCLOSE': '/usr/bin/lesspipe %s %s', 'CONDA_DEFAULT_ENV': 'base', 'GJS_DEBUG_OUTPUT': 'stderr', 'ROS_AUTOMATIC_DISCOVERY_RANGE': 'SUBNET', 'QT_IM_MODULE': 'ibus', 'PWD': '/home/pranav/ros2_ws/build/turtle_tag_game', 'LC_ALL': 'en_US.UTF-8', 'XDG_CONFIG_DIRS': '/etc/xdg/xdg-ubuntu:/etc/xdg', 'CONDA_EXE': '/home/pranav/miniconda3/bin/conda', 'VSCODE_CODE_CACHE_PATH': '/home/pranav/.config/Code/CachedData/2901c5ac6db8a986a5666c3af51ff804d05af0d4', 'XDG_DATA_DIRS': '/usr/share/ubuntu:/usr/share/gnome:/home/pranav/.local/share/flatpak/exports/share:/var/lib/flatpak/exports/share:/usr/local/share/:/usr/share/:/var/lib/snapd/desktop', 'PYTHONPATH': '/home/pranav/ros2_ws/build/turtle_tag_game/prefix_override:/usr/lib/python3/dist-packages/colcon_core/task/python/colcon_distutils_commands:/home/pranav/ros2_ws/install/turtle_tag_game/lib/python3.12/site-packages:/opt/ros/jazzy/lib/python3.12/site-packages', 'CONDA_PREFIX': '/home/pranav/miniconda3', 'COLCON': '1', 'MEMORY_PRESSURE_WRITE': 'c29tZSAyMDAwMDAgMjAwMDAwMAA=', 'ELECTRON_NO_ATTACH_CONSOLE': '1', 'CMAKE_PREFIX_PATH': '/opt/ros/jazzy/opt/gz_transport_vendor:/opt/ros/jazzy/opt/gz_msgs_vendor:/opt/ros/jazzy/opt/gz_math_vendor:/opt/ros/jazzy/opt/gz_utils_vendor:/opt/ros/jazzy/opt/gz_tools_vendor:/opt/ros/jazzy/opt/gz_cmake_vendor', 'VSCODE_PID': '4008'}, 'shell': False}
[1.616936] (-) TimerEvent: {}
[1.718175] (-) TimerEvent: {}
[1.793937] (pet) Command: {'cmd': ['/usr/bin/python3', '-W', 'ignore:setup.py install is deprecated', '-W', 'ignore:easy_install command is deprecated', 'setup.py', 'egg_info', '--egg-base', '../../build/pet', 'build', '--build-base', '/home/pranav/ros2_ws/build/pet/build', 'install', '--record', '/home/pranav/ros2_ws/build/pet/install.log', '--single-version-externally-managed', 'install_data'], 'cwd': '/home/pranav/ros2_ws/src/pet', 'env': {'GJS_DEBUG_TOPICS': 'JS ERROR;JS LOG', 'LESSOPEN': '| /usr/bin/lesspipe %s', 'VSCODE_CWD': '/home/pranav', 'CONDA_PROMPT_MODIFIER': '(base)', 'USER': 'pranav', 'VSCODE_NLS_CONFIG': '{"userLocale":"en-us","osLocale":"en-us","resolvedLanguage":"en","defaultMessagesFile":"/usr/share/code/resources/app/out/nls.messages.json","locale":"en-us","availableLanguages":{}}', 'GZ_CONFIG_PATH': '/opt/ros/jazzy/opt/gz_transport_vendor/share/gz:/opt/ros/jazzy/opt/gz_msgs_vendor/share/gz', 'XDG_SESSION_TYPE': 'wayland', 'CLUTTER_DISABLE_MIPMAPPED_TEXT': '1', 'SHLVL': '1', 'LD_LIBRARY_PATH': '/opt/ros/jazzy/opt/rviz_ogre_vendor/lib:/opt/ros/jazzy/lib/aarch64-linux-gnu:/opt/ros/jazzy/opt/gz_transport_vendor/lib:/opt/ros/jazzy/opt/gz_msgs_vendor/lib:/opt/ros/jazzy/opt/gz_math_vendor/lib:/opt/ros/jazzy/opt/gz_utils_vendor/lib:/opt/ros/jazzy/opt/gz_tools_vendor/lib:/opt/ros/jazzy/opt/gz_cmake_vendor/lib:/opt/ros/jazzy/lib', 'HOME': '/home/pranav', 'CHROME_DESKTOP': 'code.desktop', 'CONDA_SHLVL': '1', 'OLDPWD': '/home/pranav', 'DESKTOP_SESSION': 'ubuntu', 'VSCODE_IPC_HOOK': '/run/user/1000/vscode-18e0a460-1.10-main.sock', 'GIO_LAUNCHED_DESKTOP_FILE': '/usr/share/applications/code.desktop', 'ROS_PYTHON_VERSION': '3', 'GNOME_SHELL_SESSION_MODE': 'ubuntu', 'GTK_MODULES': 'gail:atk-bridge', 'MANAGERPID': '1784', 'SYSTEMD_EXEC_PID': '1980', 'IM_CONFIG_CHECK_ENV': '1', 'GSM_SKIP_SSH_AGENT_WORKAROUND': 'true', 'DBUS_SESSION_BUS_ADDRESS': 'unix:path=/run/user/1000/bus', 'GIO_LAUNCHED_DESKTOP_FILE_PID': '4008', 'DEBUGINFOD_URLS': 'https://debuginfod.ubuntu.com', 'IM_CONFIG_PHASE': '1', 'WAYLAND_DISPLAY': 'wayland-0', 'ROS_DISTRO': 'jazzy', 'LOGNAME': 'pranav', 'JOURNAL_STREAM': '8:16214', '_': '/usr/bin/colcon', 'ROS_VERSION': '2', 'MEMORY_PRESSURE_WATCH': '/sys/fs/cgroup/user.slice/user-1000.slice/user@1000.service/session.slice/org.gnome.Shell@wayland.service/memory.pressure', 'XDG_SESSION_CLASS': 'user', 'USERNAME': 'pranav', 'GNOME_DESKTOP_SESSION_ID': 'this-is-deprecated', 'VSCODE_RESOLVING_ENVIRONMENT': '1', 'PATH': '/opt/ros/jazzy/opt/gz_msgs_vendor/bin:/opt/ros/jazzy/opt/gz_tools_vendor/bin:/opt/ros/jazzy/bin:/home/pranav/miniconda3/bin:/home/pranav/miniconda3/condabin:/home/pranav/.local/bin:/usr/local/sbin:/usr/local/bin:/usr/sbin:/usr/bin:/sbin:/bin:/usr/games:/usr/local/games:/snap/bin:/snap/bin', 'SESSION_MANAGER': 'local/pranav:@/tmp/.ICE-unix/1936,unix/pranav:/tmp/.ICE-unix/1936', 'INVOCATION_ID': '719106bc3cba46c8a07c45c2717e1828', 'XDG_MENU_PREFIX': 'gnome-', 'GNOME_SETUP_DISPLAY': ':1', 'XDG_RUNTIME_DIR': '/run/user/1000', 'GDK_BACKEND': 'x11', 'DISPLAY': ':0', 'LANG': 'en_US.UTF-8', 'XDG_CURRENT_DESKTOP': 'Unity', 'XMODIFIERS': '@im=ibus', 'XDG_SESSION_DESKTOP': 'ubuntu', 'XAUTHORITY': '/run/user/1000/.mutter-Xwaylandauth.A1VPA3', 'LS_COLORS': '', 'SSH_AUTH_SOCK': '/run/user/1000/keyring/ssh', 'AMENT_PREFIX_PATH': '/opt/ros/jazzy', 'CONDA_PYTHON_EXE': '/home/pranav/miniconda3/bin/python', 'ORIGINAL_XDG_CURRENT_DESKTOP': 'ubuntu:GNOME', 'SHELL': '/bin/bash', 'QT_ACCESSIBILITY': '1', 'ELECTRON_RUN_AS_NODE': '1', 'GDMSESSION': 'ubuntu', 'LESSCLOSE': '/usr/bin/lesspipe %s %s', 'CONDA_DEFAULT_ENV': 'base', 'GJS_DEBUG_OUTPUT': 'stderr', 'ROS_AUTOMATIC_DISCOVERY_RANGE': 'SUBNET', 'QT_IM_MODULE': 'ibus', 'PWD': '/home/pranav/ros2_ws/build/pet', 'LC_ALL': 'en_US.UTF-8', 'XDG_CONFIG_DIRS': '/etc/xdg/xdg-ubuntu:/etc/xdg', 'CONDA_EXE': '/home/pranav/miniconda3/bin/conda', 'VSCODE_CODE_CACHE_PATH': '/home/pranav/.config/Code/CachedData/2901c5ac6db8a986a5666c3af51ff804d05af0d4', 'XDG_DATA_DIRS': '/usr/share/ubuntu:/usr/share/gnome:/home/pranav/.local/share/flatpak/exports/share:/var/lib/flatpak/exports/share:/usr/local/share/:/usr/share/:/var/lib/snapd/desktop', 'PYTHONPATH': '/home/pranav/ros2_ws/build/pet/prefix_override:/usr/lib/python3/dist-packages/colcon_core/task/python/colcon_distutils_commands:/home/pranav/ros2_ws/install/pet/lib/python3.12/site-packages:/opt/ros/jazzy/lib/python3.12/site-packages', 'CONDA_PREFIX': '/home/pranav/miniconda3', 'COLCON': '1', 'MEMORY_PRESSURE_WRITE': 'c29tZSAyMDAwMDAgMjAwMDAwMAA=', 'ELECTRON_NO_ATTACH_CONSOLE': '1', 'CMAKE_PREFIX_PATH': '/opt/ros/jazzy/opt/gz_transport_vendor:/opt/ros/jazzy/opt/gz_msgs_vendor:/opt/ros/jazzy/opt/gz_math_vendor:/opt/ros/jazzy/opt/gz_utils_vendor:/opt/ros/jazzy/opt/gz_tools_vendor:/opt/ros/jazzy/opt/gz_cmake_vendor', 'VSCODE_PID': '4008'}, 'shell': False}
[1.818327] (-) TimerEvent: {}
[1.829278] (drone) Command: {'cmd': ['/usr/bin/python3', '-W', 'ignore:setup.py install is deprecated', '-W', 'ignore:easy_install command is deprecated', 'setup.py', 'develop', '--uninstall', '--editable', '--build-directory', '/home/pranav/ros2_ws/build/drone/build'], 'cwd': '/home/pranav/ros2_ws/build/drone', 'env': {'GJS_DEBUG_TOPICS': 'JS ERROR;JS LOG', 'LESSOPEN': '| /usr/bin/lesspipe %s', 'VSCODE_CWD': '/home/pranav', 'CONDA_PROMPT_MODIFIER': '(base)', 'USER': 'pranav', 'VSCODE_NLS_CONFIG': '{"userLocale":"en-us","osLocale":"en-us","resolvedLanguage":"en","defaultMessagesFile":"/usr/share/code/resources/app/out/nls.messages.json","locale":"en-us","availableLanguages":{}}', 'GZ_CONFIG_PATH': '/opt/ros/jazzy/opt/gz_transport_vendor/share/gz:/opt/ros/jazzy/opt/gz_msgs_vendor/share/gz', 'XDG_SESSION_TYPE': 'wayland', 'CLUTTER_DISABLE_MIPMAPPED_TEXT': '1', 'SHLVL': '1', 'LD_LIBRARY_PATH': '/opt/ros/jazzy/opt/rviz_ogre_vendor/lib:/opt/ros/jazzy/lib/aarch64-linux-gnu:/opt/ros/jazzy/opt/gz_transport_vendor/lib:/opt/ros/jazzy/opt/gz_msgs_vendor/lib:/opt/ros/jazzy/opt/gz_math_vendor/lib:/opt/ros/jazzy/opt/gz_utils_vendor/lib:/opt/ros/jazzy/opt/gz_tools_vendor/lib:/opt/ros/jazzy/opt/gz_cmake_vendor/lib:/opt/ros/jazzy/lib', 'HOME': '/home/pranav', 'CHROME_DESKTOP': 'code.desktop', 'CONDA_SHLVL': '1', 'OLDPWD': '/home/pranav', 'DESKTOP_SESSION': 'ubuntu', 'VSCODE_IPC_HOOK': '/run/user/1000/vscode-18e0a460-1.10-main.sock', 'GIO_LAUNCHED_DESKTOP_FILE': '/usr/share/applications/code.desktop', 'ROS_PYTHON_VERSION': '3', 'GNOME_SHELL_SESSION_MODE': 'ubuntu', 'GTK_MODULES': 'gail:atk-bridge', 'MANAGERPID': '1784', 'SYSTEMD_EXEC_PID': '1980', 'IM_CONFIG_CHECK_ENV': '1', 'GSM_SKIP_SSH_AGENT_WORKAROUND': 'true', 'DBUS_SESSION_BUS_ADDRESS': 'unix:path=/run/user/1000/bus', 'GIO_LAUNCHED_DESKTOP_FILE_PID': '4008', 'DEBUGINFOD_URLS': 'https://debuginfod.ubuntu.com', 'IM_CONFIG_PHASE': '1', 'WAYLAND_DISPLAY': 'wayland-0', 'ROS_DISTRO': 'jazzy', 'LOGNAME': 'pranav', 'JOURNAL_STREAM': '8:16214', '_': '/usr/bin/colcon', 'ROS_VERSION': '2', 'MEMORY_PRESSURE_WATCH': '/sys/fs/cgroup/user.slice/user-1000.slice/user@1000.service/session.slice/org.gnome.Shell@wayland.service/memory.pressure', 'XDG_SESSION_CLASS': 'user', 'USERNAME': 'pranav', 'GNOME_DESKTOP_SESSION_ID': 'this-is-deprecated', 'VSCODE_RESOLVING_ENVIRONMENT': '1', 'PATH': '/opt/ros/jazzy/opt/gz_msgs_vendor/bin:/opt/ros/jazzy/opt/gz_tools_vendor/bin:/opt/ros/jazzy/bin:/home/pranav/miniconda3/bin:/home/pranav/miniconda3/condabin:/home/pranav/.local/bin:/usr/local/sbin:/usr/local/bin:/usr/sbin:/usr/bin:/sbin:/bin:/usr/games:/usr/local/games:/snap/bin:/snap/bin', 'SESSION_MANAGER': 'local/pranav:@/tmp/.ICE-unix/1936,unix/pranav:/tmp/.ICE-unix/1936', 'INVOCATION_ID': '719106bc3cba46c8a07c45c2717e1828', 'XDG_MENU_PREFIX': 'gnome-', 'GNOME_SETUP_DISPLAY': ':1', 'XDG_RUNTIME_DIR': '/run/user/1000', 'GDK_BACKEND': 'x11', 'DISPLAY': ':0', 'LANG': 'en_US.UTF-8', 'XDG_CURRENT_DESKTOP': 'Unity', 'XMODIFIERS': '@im=ibus', 'XDG_SESSION_DESKTOP': 'ubuntu', 'XAUTHORITY': '/run/user/1000/.mutter-Xwaylandauth.A1VPA3', 'LS_COLORS': '', 'SSH_AUTH_SOCK': '/run/user/1000/keyring/ssh', 'AMENT_PREFIX_PATH': '/opt/ros/jazzy', 'CONDA_PYTHON_EXE': '/home/pranav/miniconda3/bin/python', 'ORIGINAL_XDG_CURRENT_DESKTOP': 'ubuntu:GNOME', 'SHELL': '/bin/bash', 'QT_ACCESSIBILITY': '1', 'ELECTRON_RUN_AS_NODE': '1', 'GDMSESSION': 'ubuntu', 'LESSCLOSE': '/usr/bin/lesspipe %s %s', 'CONDA_DEFAULT_ENV': 'base', 'GJS_DEBUG_OUTPUT': 'stderr', 'ROS_AUTOMATIC_DISCOVERY_RANGE': 'SUBNET', 'QT_IM_MODULE': 'ibus', 'PWD': '/home/pranav/ros2_ws/build/drone', 'LC_ALL': 'en_US.UTF-8', 'XDG_CONFIG_DIRS': '/etc/xdg/xdg-ubuntu:/etc/xdg', 'CONDA_EXE': '/home/pranav/miniconda3/bin/conda', 'VSCODE_CODE_CACHE_PATH': '/home/pranav/.config/Code/CachedData/2901c5ac6db8a986a5666c3af51ff804d05af0d4', 'XDG_DATA_DIRS': '/usr/share/ubuntu:/usr/share/gnome:/home/pranav/.local/share/flatpak/exports/share:/var/lib/flatpak/exports/share:/usr/local/share/:/usr/share/:/var/lib/snapd/desktop', 'PYTHONPATH': '/home/pranav/ros2_ws/build/drone/prefix_override:/usr/lib/python3/dist-packages/colcon_core/task/python/colcon_distutils_commands:/home/pranav/ros2_ws/install/drone/lib/python3.12/site-packages:/opt/ros/jazzy/lib/python3.12/site-packages', 'CONDA_PREFIX': '/home/pranav/miniconda3', 'COLCON': '1', 'MEMORY_PRESSURE_WRITE': 'c29tZSAyMDAwMDAgMjAwMDAwMAA=', 'ELECTRON_NO_ATTACH_CONSOLE': '1', 'CMAKE_PREFIX_PATH': '/opt/ros/jazzy/opt/gz_transport_vendor:/opt/ros/jazzy/opt/gz_msgs_vendor:/opt/ros/jazzy/opt/gz_math_vendor:/opt/ros/jazzy/opt/gz_utils_vendor:/opt/ros/jazzy/opt/gz_tools_vendor:/opt/ros/jazzy/opt/gz_cmake_vendor', 'VSCODE_PID': '4008'}, 'shell': False}
[1.918425] (-) TimerEvent: {}
[2.018565] (-) TimerEvent: {}
[2.053129] (pet) StdoutLine: {'line': b'running egg_info\n'}
[2.055721] (webcam) Command: {'cmd': ['/usr/bin/python3', '-W', 'ignore:setup.py install is deprecated', '-W', 'ignore:easy_install command is deprecated', 'setup.py', 'egg_info', '--egg-base', '../../build/webcam', 'build', '--build-base', '/home/pranav/ros2_ws/build/webcam/build', 'install', '--record', '/home/pranav/ros2_ws/build/webcam/install.log', '--single-version-externally-managed', 'install_data'], 'cwd': '/home/pranav/ros2_ws/src/webcam', 'env': {'GJS_DEBUG_TOPICS': 'JS ERROR;JS LOG', 'LESSOPEN': '| /usr/bin/lesspipe %s', 'VSCODE_CWD': '/home/pranav', 'CONDA_PROMPT_MODIFIER': '(base)', 'USER': 'pranav', 'VSCODE_NLS_CONFIG': '{"userLocale":"en-us","osLocale":"en-us","resolvedLanguage":"en","defaultMessagesFile":"/usr/share/code/resources/app/out/nls.messages.json","locale":"en-us","availableLanguages":{}}', 'GZ_CONFIG_PATH': '/opt/ros/jazzy/opt/gz_transport_vendor/share/gz:/opt/ros/jazzy/opt/gz_msgs_vendor/share/gz', 'XDG_SESSION_TYPE': 'wayland', 'CLUTTER_DISABLE_MIPMAPPED_TEXT': '1', 'SHLVL': '1', 'LD_LIBRARY_PATH': '/opt/ros/jazzy/opt/rviz_ogre_vendor/lib:/opt/ros/jazzy/lib/aarch64-linux-gnu:/opt/ros/jazzy/opt/gz_transport_vendor/lib:/opt/ros/jazzy/opt/gz_msgs_vendor/lib:/opt/ros/jazzy/opt/gz_math_vendor/lib:/opt/ros/jazzy/opt/gz_utils_vendor/lib:/opt/ros/jazzy/opt/gz_tools_vendor/lib:/opt/ros/jazzy/opt/gz_cmake_vendor/lib:/opt/ros/jazzy/lib', 'HOME': '/home/pranav', 'CHROME_DESKTOP': 'code.desktop', 'CONDA_SHLVL': '1', 'OLDPWD': '/home/pranav', 'DESKTOP_SESSION': 'ubuntu', 'VSCODE_IPC_HOOK': '/run/user/1000/vscode-18e0a460-1.10-main.sock', 'GIO_LAUNCHED_DESKTOP_FILE': '/usr/share/applications/code.desktop', 'ROS_PYTHON_VERSION': '3', 'GNOME_SHELL_SESSION_MODE': 'ubuntu', 'GTK_MODULES': 'gail:atk-bridge', 'MANAGERPID': '1784', 'SYSTEMD_EXEC_PID': '1980', 'IM_CONFIG_CHECK_ENV': '1', 'GSM_SKIP_SSH_AGENT_WORKAROUND': 'true', 'DBUS_SESSION_BUS_ADDRESS': 'unix:path=/run/user/1000/bus', 'GIO_LAUNCHED_DESKTOP_FILE_PID': '4008', 'DEBUGINFOD_URLS': 'https://debuginfod.ubuntu.com', 'IM_CONFIG_PHASE': '1', 'WAYLAND_DISPLAY': 'wayland-0', 'ROS_DISTRO': 'jazzy', 'LOGNAME': 'pranav', 'JOURNAL_STREAM': '8:16214', '_': '/usr/bin/colcon', 'ROS_VERSION': '2', 'MEMORY_PRESSURE_WATCH': '/sys/fs/cgroup/user.slice/user-1000.slice/user@1000.service/session.slice/org.gnome.Shell@wayland.service/memory.pressure', 'XDG_SESSION_CLASS': 'user', 'USERNAME': 'pranav', 'GNOME_DESKTOP_SESSION_ID': 'this-is-deprecated', 'VSCODE_RESOLVING_ENVIRONMENT': '1', 'PATH': '/opt/ros/jazzy/opt/gz_msgs_vendor/bin:/opt/ros/jazzy/opt/gz_tools_vendor/bin:/opt/ros/jazzy/bin:/home/pranav/miniconda3/bin:/home/pranav/miniconda3/condabin:/home/pranav/.local/bin:/usr/local/sbin:/usr/local/bin:/usr/sbin:/usr/bin:/sbin:/bin:/usr/games:/usr/local/games:/snap/bin:/snap/bin', 'SESSION_MANAGER': 'local/pranav:@/tmp/.ICE-unix/1936,unix/pranav:/tmp/.ICE-unix/1936', 'INVOCATION_ID': '719106bc3cba46c8a07c45c2717e1828', 'XDG_MENU_PREFIX': 'gnome-', 'GNOME_SETUP_DISPLAY': ':1', 'XDG_RUNTIME_DIR': '/run/user/1000', 'GDK_BACKEND': 'x11', 'DISPLAY': ':0', 'LANG': 'en_US.UTF-8', 'XDG_CURRENT_DESKTOP': 'Unity', 'XMODIFIERS': '@im=ibus', 'XDG_SESSION_DESKTOP': 'ubuntu', 'XAUTHORITY': '/run/user/1000/.mutter-Xwaylandauth.A1VPA3', 'LS_COLORS': '', 'SSH_AUTH_SOCK': '/run/user/1000/keyring/ssh', 'AMENT_PREFIX_PATH': '/opt/ros/jazzy', 'CONDA_PYTHON_EXE': '/home/pranav/miniconda3/bin/python', 'ORIGINAL_XDG_CURRENT_DESKTOP': 'ubuntu:GNOME', 'SHELL': '/bin/bash', 'QT_ACCESSIBILITY': '1', 'ELECTRON_RUN_AS_NODE': '1', 'GDMSESSION': 'ubuntu', 'LESSCLOSE': '/usr/bin/lesspipe %s %s', 'CONDA_DEFAULT_ENV': 'base', 'GJS_DEBUG_OUTPUT': 'stderr', 'ROS_AUTOMATIC_DISCOVERY_RANGE': 'SUBNET', 'QT_IM_MODULE': 'ibus', 'PWD': '/home/pranav/ros2_ws/build/webcam', 'LC_ALL': 'en_US.UTF-8', 'XDG_CONFIG_DIRS': '/etc/xdg/xdg-ubuntu:/etc/xdg', 'CONDA_EXE': '/home/pranav/miniconda3/bin/conda', 'VSCODE_CODE_CACHE_PATH': '/home/pranav/.config/Code/CachedData/2901c5ac6db8a986a5666c3af51ff804d05af0d4', 'XDG_DATA_DIRS': '/usr/share/ubuntu:/usr/share/gnome:/home/pranav/.local/share/flatpak/exports/share:/var/lib/flatpak/exports/share:/usr/local/share/:/usr/share/:/var/lib/snapd/desktop', 'PYTHONPATH': '/home/pranav/ros2_ws/build/webcam/prefix_override:/usr/lib/python3/dist-packages/colcon_core/task/python/colcon_distutils_commands:/home/pranav/ros2_ws/install/webcam/lib/python3.12/site-packages:/opt/ros/jazzy/lib/python3.12/site-packages', 'CONDA_PREFIX': '/home/pranav/miniconda3', 'COLCON': '1', 'MEMORY_PRESSURE_WRITE': 'c29tZSAyMDAwMDAgMjAwMDAwMAA=', 'ELECTRON_NO_ATTACH_CONSOLE': '1', 'CMAKE_PREFIX_PATH': '/opt/ros/jazzy/opt/gz_transport_vendor:/opt/ros/jazzy/opt/gz_msgs_vendor:/opt/ros/jazzy/opt/gz_math_vendor:/opt/ros/jazzy/opt/gz_utils_vendor:/opt/ros/jazzy/opt/gz_tools_vendor:/opt/ros/jazzy/opt/gz_cmake_vendor', 'VSCODE_PID': '4008'}, 'shell': False}
[2.095531] (pet) StdoutLine: {'line': b'writing ../../build/pet/pet.egg-info/PKG-INFO\n'}
[2.095634] (pet) StdoutLine: {'line': b'writing dependency_links to ../../build/pet/pet.egg-info/dependency_links.txt\n'}
[2.104140] (pet) StdoutLine: {'line': b'writing entry points to ../../build/pet/pet.egg-info/entry_points.txt\n'}
[2.104232] (pet) StdoutLine: {'line': b'writing requirements to ../../build/pet/pet.egg-info/requires.txt\n'}
[2.104262] (pet) StdoutLine: {'line': b'writing top-level names to ../../build/pet/pet.egg-info/top_level.txt\n'}
[2.122911] (-) TimerEvent: {}
[2.159561] (turtle_tag_game) StdoutLine: {'line': b'running egg_info\n'}
[2.162049] (drone) StdoutLine: {'line': b'running develop\n'}
[2.185817] (pet) StdoutLine: {'line': b"reading manifest file '../../build/pet/pet.egg-info/SOURCES.txt'\n"}
[2.185996] (pet) StdoutLine: {'line': b"writing manifest file '../../build/pet/pet.egg-info/SOURCES.txt'\n"}
[2.186699] (pet) StdoutLine: {'line': b'running build\n'}
[2.186794] (pet) StdoutLine: {'line': b'running build_py\n'}
[2.187330] (pet) StdoutLine: {'line': b'running install\n'}
[2.203963] (turtle_tag_game) StdoutLine: {'line': b'writing ../../build/turtle_tag_game/turtle_tag_game.egg-info/PKG-INFO\n'}
[2.204052] (turtle_tag_game) StdoutLine: {'line': b'writing dependency_links to ../../build/turtle_tag_game/turtle_tag_game.egg-info/dependency_links.txt\n'}
[2.204081] (pet) StdoutLine: {'line': b'running install_lib\n'}
[2.211051] (turtle_tag_game) StdoutLine: {'line': b'writing requirements to ../../build/turtle_tag_game/turtle_tag_game.egg-info/requires.txt\n'}
[2.211136] (turtle_tag_game) StdoutLine: {'line': b'writing top-level names to ../../build/turtle_tag_game/turtle_tag_game.egg-info/top_level.txt\n'}
[2.225949] (-) TimerEvent: {}
[2.228653] (pet) StdoutLine: {'line': b'running install_data\n'}
[2.229184] (pet) StdoutLine: {'line': b'running install_egg_info\n'}
[2.259373] (pet) StdoutLine: {'line': b"removing '/home/pranav/ros2_ws/install/pet/lib/python3.12/site-packages/pet-0.0.0-py3.12.egg-info' (and everything under it)\n"}
[2.261960] (pet) StdoutLine: {'line': b'Copying ../../build/pet/pet.egg-info to /home/pranav/ros2_ws/install/pet/lib/python3.12/site-packages/pet-0.0.0-py3.12.egg-info\n'}
[2.264186] (pet) StdoutLine: {'line': b'running install_scripts\n'}
[2.296722] (turtle_tag_game) StdoutLine: {'line': b"reading manifest file '../../build/turtle_tag_game/turtle_tag_game.egg-info/SOURCES.txt'\n"}
[2.297676] (turtle_tag_game) StdoutLine: {'line': b"writing manifest file '../../build/turtle_tag_game/turtle_tag_game.egg-info/SOURCES.txt'\n"}
[2.297740] (turtle_tag_game) StdoutLine: {'line': b'running build\n'}
[2.297769] (turtle_tag_game) StdoutLine: {'line': b'running build_py\n'}
[2.297999] (turtle_tag_game) StdoutLine: {'line': b'running install\n'}
[2.318468] (turtle_tag_game) StdoutLine: {'line': b'running install_lib\n'}
[2.326904] (-) TimerEvent: {}
[2.359646] (drone) StdoutLine: {'line': b'Removing /home/pranav/ros2_ws/install/drone/lib/python3.12/site-packages/drone.egg-link (link to .)\n'}
[2.368035] (turtle_tag_game) StdoutLine: {'line': b'running install_data\n'}
[2.379688] (turtle_tag_game) StdoutLine: {'line': b'running install_egg_info\n'}
[2.398137] (webcam) StdoutLine: {'line': b'running egg_info\n'}
[2.413889] (drone) CommandEnded: {'returncode': 0}
[2.414099] (drone) Command: {'cmd': ['/usr/bin/python3', '-W', 'ignore:setup.py install is deprecated', '-W', 'ignore:easy_install command is deprecated', 'setup.py', 'egg_info', '--egg-base', '../../build/drone', 'build', '--build-base', '/home/pranav/ros2_ws/build/drone/build', 'install', '--record', '/home/pranav/ros2_ws/build/drone/install.log', '--single-version-externally-managed', 'install_data', '--force'], 'cwd': '/home/pranav/ros2_ws/src/drone', 'env': {'GJS_DEBUG_TOPICS': 'JS ERROR;JS LOG', 'LESSOPEN': '| /usr/bin/lesspipe %s', 'VSCODE_CWD': '/home/pranav', 'CONDA_PROMPT_MODIFIER': '(base)', 'USER': 'pranav', 'VSCODE_NLS_CONFIG': '{"userLocale":"en-us","osLocale":"en-us","resolvedLanguage":"en","defaultMessagesFile":"/usr/share/code/resources/app/out/nls.messages.json","locale":"en-us","availableLanguages":{}}', 'GZ_CONFIG_PATH': '/opt/ros/jazzy/opt/gz_transport_vendor/share/gz:/opt/ros/jazzy/opt/gz_msgs_vendor/share/gz', 'XDG_SESSION_TYPE': 'wayland', 'CLUTTER_DISABLE_MIPMAPPED_TEXT': '1', 'SHLVL': '1', 'LD_LIBRARY_PATH': '/opt/ros/jazzy/opt/rviz_ogre_vendor/lib:/opt/ros/jazzy/lib/aarch64-linux-gnu:/opt/ros/jazzy/opt/gz_transport_vendor/lib:/opt/ros/jazzy/opt/gz_msgs_vendor/lib:/opt/ros/jazzy/opt/gz_math_vendor/lib:/opt/ros/jazzy/opt/gz_utils_vendor/lib:/opt/ros/jazzy/opt/gz_tools_vendor/lib:/opt/ros/jazzy/opt/gz_cmake_vendor/lib:/opt/ros/jazzy/lib', 'HOME': '/home/pranav', 'CHROME_DESKTOP': 'code.desktop', 'CONDA_SHLVL': '1', 'OLDPWD': '/home/pranav', 'DESKTOP_SESSION': 'ubuntu', 'VSCODE_IPC_HOOK': '/run/user/1000/vscode-18e0a460-1.10-main.sock', 'GIO_LAUNCHED_DESKTOP_FILE': '/usr/share/applications/code.desktop', 'ROS_PYTHON_VERSION': '3', 'GNOME_SHELL_SESSION_MODE': 'ubuntu', 'GTK_MODULES': 'gail:atk-bridge', 'MANAGERPID': '1784', 'SYSTEMD_EXEC_PID': '1980', 'IM_CONFIG_CHECK_ENV': '1', 'GSM_SKIP_SSH_AGENT_WORKAROUND': 'true', 'DBUS_SESSION_BUS_ADDRESS': 'unix:path=/run/user/1000/bus', 'GIO_LAUNCHED_DESKTOP_FILE_PID': '4008', 'DEBUGINFOD_URLS': 'https://debuginfod.ubuntu.com', 'IM_CONFIG_PHASE': '1', 'WAYLAND_DISPLAY': 'wayland-0', 'ROS_DISTRO': 'jazzy', 'LOGNAME': 'pranav', 'JOURNAL_STREAM': '8:16214', '_': '/usr/bin/colcon', 'ROS_VERSION': '2', 'MEMORY_PRESSURE_WATCH': '/sys/fs/cgroup/user.slice/user-1000.slice/user@1000.service/session.slice/org.gnome.Shell@wayland.service/memory.pressure', 'XDG_SESSION_CLASS': 'user', 'USERNAME': 'pranav', 'GNOME_DESKTOP_SESSION_ID': 'this-is-deprecated', 'VSCODE_RESOLVING_ENVIRONMENT': '1', 'PATH': '/opt/ros/jazzy/opt/gz_msgs_vendor/bin:/opt/ros/jazzy/opt/gz_tools_vendor/bin:/opt/ros/jazzy/bin:/home/pranav/miniconda3/bin:/home/pranav/miniconda3/condabin:/home/pranav/.local/bin:/usr/local/sbin:/usr/local/bin:/usr/sbin:/usr/bin:/sbin:/bin:/usr/games:/usr/local/games:/snap/bin:/snap/bin', 'SESSION_MANAGER': 'local/pranav:@/tmp/.ICE-unix/1936,unix/pranav:/tmp/.ICE-unix/1936', 'INVOCATION_ID': '719106bc3cba46c8a07c45c2717e1828', 'XDG_MENU_PREFIX': 'gnome-', 'GNOME_SETUP_DISPLAY': ':1', 'XDG_RUNTIME_DIR': '/run/user/1000', 'GDK_BACKEND': 'x11', 'DISPLAY': ':0', 'LANG': 'en_US.UTF-8', 'XDG_CURRENT_DESKTOP': 'Unity', 'XMODIFIERS': '@im=ibus', 'XDG_SESSION_DESKTOP': 'ubuntu', 'XAUTHORITY': '/run/user/1000/.mutter-Xwaylandauth.A1VPA3', 'LS_COLORS': '', 'SSH_AUTH_SOCK': '/run/user/1000/keyring/ssh', 'AMENT_PREFIX_PATH': '/opt/ros/jazzy', 'CONDA_PYTHON_EXE': '/home/pranav/miniconda3/bin/python', 'ORIGINAL_XDG_CURRENT_DESKTOP': 'ubuntu:GNOME', 'SHELL': '/bin/bash', 'QT_ACCESSIBILITY': '1', 'ELECTRON_RUN_AS_NODE': '1', 'GDMSESSION': 'ubuntu', 'LESSCLOSE': '/usr/bin/lesspipe %s %s', 'CONDA_DEFAULT_ENV': 'base', 'GJS_DEBUG_OUTPUT': 'stderr', 'ROS_AUTOMATIC_DISCOVERY_RANGE': 'SUBNET', 'QT_IM_MODULE': 'ibus', 'PWD': '/home/pranav/ros2_ws/build/drone', 'LC_ALL': 'en_US.UTF-8', 'XDG_CONFIG_DIRS': '/etc/xdg/xdg-ubuntu:/etc/xdg', 'CONDA_EXE': '/home/pranav/miniconda3/bin/conda', 'VSCODE_CODE_CACHE_PATH': '/home/pranav/.config/Code/CachedData/2901c5ac6db8a986a5666c3af51ff804d05af0d4', 'XDG_DATA_DIRS': '/usr/share/ubuntu:/usr/share/gnome:/home/pranav/.local/share/flatpak/exports/share:/var/lib/flatpak/exports/share:/usr/local/share/:/usr/share/:/var/lib/snapd/desktop', 'PYTHONPATH': '/home/pranav/ros2_ws/build/drone/prefix_override:/usr/lib/python3/dist-packages/colcon_core/task/python/colcon_distutils_commands:/home/pranav/ros2_ws/install/drone/lib/python3.12/site-packages:/opt/ros/jazzy/lib/python3.12/site-packages', 'CONDA_PREFIX': '/home/pranav/miniconda3', 'COLCON': '1', 'MEMORY_PRESSURE_WRITE': 'c29tZSAyMDAwMDAgMjAwMDAwMAA=', 'ELECTRON_NO_ATTACH_CONSOLE': '1', 'CMAKE_PREFIX_PATH': '/opt/ros/jazzy/opt/gz_transport_vendor:/opt/ros/jazzy/opt/gz_msgs_vendor:/opt/ros/jazzy/opt/gz_math_vendor:/opt/ros/jazzy/opt/gz_utils_vendor:/opt/ros/jazzy/opt/gz_tools_vendor:/opt/ros/jazzy/opt/gz_cmake_vendor', 'VSCODE_PID': '4008'}, 'shell': False}
[2.423447] (turtle_tag_game) StdoutLine: {'line': b"removing '/home/pranav/ros2_ws/install/turtle_tag_game/lib/python3.12/site-packages/turtle_tag_game-0.0.0-py3.12.egg-info' (and everything under it)\n"}
[2.423598] (turtle_tag_game) StdoutLine: {'line': b'Copying ../../build/turtle_tag_game/turtle_tag_game.egg-info to /home/pranav/ros2_ws/install/turtle_tag_game/lib/python3.12/site-packages/turtle_tag_game-0.0.0-py3.12.egg-info\n'}
[2.428284] (-) TimerEvent: {}
[2.430535] (turtle_tag_game) StdoutLine: {'line': b'running install_scripts\n'}
[2.430716] (webcam) StdoutLine: {'line': b'writing ../../build/webcam/webcam.egg-info/PKG-INFO\n'}
[2.430762] (webcam) StdoutLine: {'line': b'writing dependency_links to ../../build/webcam/webcam.egg-info/dependency_links.txt\n'}
[2.430791] (webcam) StdoutLine: {'line': b'writing entry points to ../../build/webcam/webcam.egg-info/entry_points.txt\n'}
[2.430911] (webcam) StdoutLine: {'line': b'writing requirements to ../../build/webcam/webcam.egg-info/requires.txt\n'}
[2.430947] (webcam) StdoutLine: {'line': b'writing top-level names to ../../build/webcam/webcam.egg-info/top_level.txt\n'}
[2.477905] (webcam) StdoutLine: {'line': b"reading manifest file '../../build/webcam/webcam.egg-info/SOURCES.txt'\n"}
[2.478070] (webcam) StdoutLine: {'line': b"writing manifest file '../../build/webcam/webcam.egg-info/SOURCES.txt'\n"}
[2.478109] (webcam) StdoutLine: {'line': b'running build\n'}
[2.478136] (webcam) StdoutLine: {'line': b'running build_py\n'}
[2.478167] (webcam) StdoutLine: {'line': b'running install\n'}
[2.480186] (webcam) StdoutLine: {'line': b'running install_lib\n'}
[2.495304] (webcam) StdoutLine: {'line': b'running install_data\n'}
[2.495445] (webcam) StdoutLine: {'line': b'running install_egg_info\n'}
[2.513896] (webcam) StdoutLine: {'line': b"removing '/home/pranav/ros2_ws/install/webcam/lib/python3.12/site-packages/webcam-0.0.0-py3.12.egg-info' (and everything under it)\n"}
[2.513996] (webcam) StdoutLine: {'line': b'Copying ../../build/webcam/webcam.egg-info to /home/pranav/ros2_ws/install/webcam/lib/python3.12/site-packages/webcam-0.0.0-py3.12.egg-info\n'}
[2.514026] (webcam) StdoutLine: {'line': b'running install_scripts\n'}
[2.528372] (-) TimerEvent: {}
[2.557692] (pet) StdoutLine: {'line': b'Installing pose_subscriber script to /home/pranav/ros2_ws/install/pet/lib/pet\n'}
[2.559053] (pet) StdoutLine: {'line': b'Installing turtle_controller script to /home/pranav/ros2_ws/install/pet/lib/pet\n'}
[2.562348] (pet) StdoutLine: {'line': b"writing list of installed files to '/home/pranav/ros2_ws/build/pet/install.log'\n"}
[2.628463] (-) TimerEvent: {}
[2.636269] (turtle_tag_game) StdoutLine: {'line': b"writing list of installed files to '/home/pranav/ros2_ws/build/turtle_tag_game/install.log'\n"}
[2.659116] (webcam) StdoutLine: {'line': b'Installing webcam_node script to /home/pranav/ros2_ws/install/webcam/lib/webcam\n'}
[2.659662] (webcam) StdoutLine: {'line': b"writing list of installed files to '/home/pranav/ros2_ws/build/webcam/install.log'\n"}
[2.666849] (pet) CommandEnded: {'returncode': 0}
[2.676769] (pet) JobEnded: {'identifier': 'pet', 'rc': 0}
[2.677152] (fizzbuzz) JobStarted: {'identifier': 'fizzbuzz'}
[2.687147] (drone) StdoutLine: {'line': b'running egg_info\n'}
[2.692928] (drone) StdoutLine: {'line': b'writing ../../build/drone/drone.egg-info/PKG-INFO\n'}
[2.728672] (-) TimerEvent: {}
[2.828925] (-) TimerEvent: {}
[2.930401] (-) TimerEvent: {}
[3.020506] (drone) StdoutLine: {'line': b'writing dependency_links to ../../build/drone/drone.egg-info/dependency_links.txt\n'}
[3.020607] (drone) StdoutLine: {'line': b'writing entry points to ../../build/drone/drone.egg-info/entry_points.txt\n'}
[3.020637] (drone) StdoutLine: {'line': b'writing requirements to ../../build/drone/drone.egg-info/requires.txt\n'}
[3.020663] (drone) StdoutLine: {'line': b'writing top-level names to ../../build/drone/drone.egg-info/top_level.txt\n'}
[3.020688] (drone) StdoutLine: {'line': b"reading manifest file '../../build/drone/drone.egg-info/SOURCES.txt'\n"}
[3.020712] (drone) StdoutLine: {'line': b"writing manifest file '../../build/drone/drone.egg-info/SOURCES.txt'\n"}
[3.020736] (drone) StdoutLine: {'line': b'running build\n'}
[3.020760] (drone) StdoutLine: {'line': b'running build_py\n'}
[3.020783] (drone) StdoutLine: {'line': b'running install\n'}
[3.020886] (drone) StdoutLine: {'line': b'running install_lib\n'}
[3.020914] (drone) StdoutLine: {'line': b'creating /home/pranav/ros2_ws/install/drone/lib/python3.12/site-packages/drone\n'}
[3.020937] (drone) StdoutLine: {'line': b'copying /home/pranav/ros2_ws/build/drone/build/lib/drone/linearReg.py -> /home/pranav/ros2_ws/install/drone/lib/python3.12/site-packages/drone\n'}
[3.020961] (drone) StdoutLine: {'line': b'copying /home/pranav/ros2_ws/build/drone/build/lib/drone/__init__.py -> /home/pranav/ros2_ws/install/drone/lib/python3.12/site-packages/drone\n'}
[3.020984] (drone) StdoutLine: {'line': b'copying /home/pranav/ros2_ws/build/drone/build/lib/drone/pathfinder.py -> /home/pranav/ros2_ws/install/drone/lib/python3.12/site-packages/drone\n'}
[3.021008] (drone) StdoutLine: {'line': b'copying /home/pranav/ros2_ws/build/drone/build/lib/drone/AprilTags.py -> /home/pranav/ros2_ws/install/drone/lib/python3.12/site-packages/drone\n'}
[3.021037] (drone) StdoutLine: {'line': b'byte-compiling /home/pranav/ros2_ws/install/drone/lib/python3.12/site-packages/drone/linearReg.py to linearReg.cpython-312.pyc\n'}
[3.021061] (drone) StdoutLine: {'line': b'byte-compiling /home/pranav/ros2_ws/install/drone/lib/python3.12/site-packages/drone/__init__.py to __init__.cpython-312.pyc\n'}
[3.021088] (drone) StdoutLine: {'line': b'byte-compiling /home/pranav/ros2_ws/install/drone/lib/python3.12/site-packages/drone/pathfinder.py to pathfinder.cpython-312.pyc\n'}
[3.021112] (drone) StdoutLine: {'line': b'byte-compiling /home/pranav/ros2_ws/install/drone/lib/python3.12/site-packages/drone/AprilTags.py to AprilTags.cpython-312.pyc\n'}
[3.021135] (drone) StdoutLine: {'line': b'running install_data\n'}
[3.021157] (drone) StdoutLine: {'line': b'copying resource/drone -> /home/pranav/ros2_ws/install/drone/share/ament_index/resource_index/packages\n'}
[3.021181] (drone) StdoutLine: {'line': b'copying package.xml -> /home/pranav/ros2_ws/install/drone/share/drone\n'}
[3.021204] (drone) StdoutLine: {'line': b'running install_egg_info\n'}
[3.021230] (drone) StdoutLine: {'line': b'Copying ../../build/drone/drone.egg-info to /home/pranav/ros2_ws/install/drone/lib/python3.12/site-packages/drone-0.0.0-py3.12.egg-info\n'}
[3.021258] (drone) StdoutLine: {'line': b'running install_scripts\n'}
[3.021282] (drone) StdoutLine: {'line': b'Installing apriltags script to /home/pranav/ros2_ws/install/drone/lib/drone\n'}
[3.021305] (drone) StdoutLine: {'line': b'Installing pathfinder script to /home/pranav/ros2_ws/install/drone/lib/drone\n'}
[3.021328] (drone) StdoutLine: {'line': b"writing list of installed files to '/home/pranav/ros2_ws/build/drone/install.log'\n"}
[3.021648] (webcam) CommandEnded: {'returncode': 0}
[3.027072] (webcam) JobEnded: {'identifier': 'webcam', 'rc': 0}
[3.027258] (turtle_tag_game) CommandEnded: {'returncode': 0}
[3.030679] (-) TimerEvent: {}
[3.032319] (turtle_tag_game) JobEnded: {'identifier': 'turtle_tag_game', 'rc': 0}
[3.032500] (drone) CommandEnded: {'returncode': 0}
[3.036061] (drone) JobEnded: {'identifier': 'drone', 'rc': 0}
[3.131032] (-) TimerEvent: {}
[3.233438] (-) TimerEvent: {}
[3.333579] (-) TimerEvent: {}
[3.433705] (-) TimerEvent: {}
[3.535818] (-) TimerEvent: {}
[3.612997] (fizzbuzz) Command: {'cmd': ['/usr/bin/python3', '-W', 'ignore:setup.py install is deprecated', '-W', 'ignore:easy_install command is deprecated', 'setup.py', 'egg_info', '--egg-base', '../../build/fizzbuzz', 'build', '--build-base', '/home/pranav/ros2_ws/build/fizzbuzz/build', 'install', '--record', '/home/pranav/ros2_ws/build/fizzbuzz/install.log', '--single-version-externally-managed', 'install_data'], 'cwd': '/home/pranav/ros2_ws/src/fizzbuzz', 'env': {'GJS_DEBUG_TOPICS': 'JS ERROR;JS LOG', 'LESSOPEN': '| /usr/bin/lesspipe %s', 'VSCODE_CWD': '/home/pranav', 'CONDA_PROMPT_MODIFIER': '(base)', 'USER': 'pranav', 'VSCODE_NLS_CONFIG': '{"userLocale":"en-us","osLocale":"en-us","resolvedLanguage":"en","defaultMessagesFile":"/usr/share/code/resources/app/out/nls.messages.json","locale":"en-us","availableLanguages":{}}', 'GZ_CONFIG_PATH': '/opt/ros/jazzy/opt/gz_transport_vendor/share/gz:/opt/ros/jazzy/opt/gz_msgs_vendor/share/gz', 'XDG_SESSION_TYPE': 'wayland', 'CLUTTER_DISABLE_MIPMAPPED_TEXT': '1', 'SHLVL': '1', 'LD_LIBRARY_PATH': '/home/pranav/ros2_ws/install/fizzbuzz_interfaces/lib:/opt/ros/jazzy/opt/rviz_ogre_vendor/lib:/opt/ros/jazzy/lib/aarch64-linux-gnu:/opt/ros/jazzy/opt/gz_transport_vendor/lib:/opt/ros/jazzy/opt/gz_msgs_vendor/lib:/opt/ros/jazzy/opt/gz_math_vendor/lib:/opt/ros/jazzy/opt/gz_utils_vendor/lib:/opt/ros/jazzy/opt/gz_tools_vendor/lib:/opt/ros/jazzy/opt/gz_cmake_vendor/lib:/opt/ros/jazzy/lib', 'HOME': '/home/pranav', 'CHROME_DESKTOP': 'code.desktop', 'CONDA_SHLVL': '1', 'OLDPWD': '/home/pranav', 'DESKTOP_SESSION': 'ubuntu', 'VSCODE_IPC_HOOK': '/run/user/1000/vscode-18e0a460-1.10-main.sock', 'GIO_LAUNCHED_DESKTOP_FILE': '/usr/share/applications/code.desktop', 'ROS_PYTHON_VERSION': '3', 'GNOME_SHELL_SESSION_MODE': 'ubuntu', 'GTK_MODULES': 'gail:atk-bridge', 'MANAGERPID': '1784', 'SYSTEMD_EXEC_PID': '1980', 'IM_CONFIG_CHECK_ENV': '1', 'GSM_SKIP_SSH_AGENT_WORKAROUND': 'true', 'DBUS_SESSION_BUS_ADDRESS': 'unix:path=/run/user/1000/bus', 'GIO_LAUNCHED_DESKTOP_FILE_PID': '4008', 'DEBUGINFOD_URLS': 'https://debuginfod.ubuntu.com', 'IM_CONFIG_PHASE': '1', 'WAYLAND_DISPLAY': 'wayland-0', 'ROS_DISTRO': 'jazzy', 'LOGNAME': 'pranav', 'JOURNAL_STREAM': '8:16214', '_': '/usr/bin/colcon', 'ROS_VERSION': '2', 'MEMORY_PRESSURE_WATCH': '/sys/fs/cgroup/user.slice/user-1000.slice/user@1000.service/session.slice/org.gnome.Shell@wayland.service/memory.pressure', 'XDG_SESSION_CLASS': 'user', 'USERNAME': 'pranav', 'GNOME_DESKTOP_SESSION_ID': 'this-is-deprecated', 'VSCODE_RESOLVING_ENVIRONMENT': '1', 'PATH': '/opt/ros/jazzy/opt/gz_msgs_vendor/bin:/opt/ros/jazzy/opt/gz_tools_vendor/bin:/opt/ros/jazzy/bin:/home/pranav/miniconda3/bin:/home/pranav/miniconda3/condabin:/home/pranav/.local/bin:/usr/local/sbin:/usr/local/bin:/usr/sbin:/usr/bin:/sbin:/bin:/usr/games:/usr/local/games:/snap/bin:/snap/bin', 'SESSION_MANAGER': 'local/pranav:@/tmp/.ICE-unix/1936,unix/pranav:/tmp/.ICE-unix/1936', 'INVOCATION_ID': '719106bc3cba46c8a07c45c2717e1828', 'XDG_MENU_PREFIX': 'gnome-', 'GNOME_SETUP_DISPLAY': ':1', 'XDG_RUNTIME_DIR': '/run/user/1000', 'GDK_BACKEND': 'x11', 'DISPLAY': ':0', 'LANG': 'en_US.UTF-8', 'XDG_CURRENT_DESKTOP': 'Unity', 'XMODIFIERS': '@im=ibus', 'XDG_SESSION_DESKTOP': 'ubuntu', 'XAUTHORITY': '/run/user/1000/.mutter-Xwaylandauth.A1VPA3', 'LS_COLORS': '', 'SSH_AUTH_SOCK': '/run/user/1000/keyring/ssh', 'AMENT_PREFIX_PATH': '/home/pranav/ros2_ws/install/fizzbuzz_interfaces:/opt/ros/jazzy', 'CONDA_PYTHON_EXE': '/home/pranav/miniconda3/bin/python', 'ORIGINAL_XDG_CURRENT_DESKTOP': 'ubuntu:GNOME', 'SHELL': '/bin/bash', 'QT_ACCESSIBILITY': '1', 'ELECTRON_RUN_AS_NODE': '1', 'GDMSESSION': 'ubuntu', 'LESSCLOSE': '/usr/bin/lesspipe %s %s', 'CONDA_DEFAULT_ENV': 'base', 'GJS_DEBUG_OUTPUT': 'stderr', 'ROS_AUTOMATIC_DISCOVERY_RANGE': 'SUBNET', 'QT_IM_MODULE': 'ibus', 'PWD': '/home/pranav/ros2_ws/build/fizzbuzz', 'LC_ALL': 'en_US.UTF-8', 'XDG_CONFIG_DIRS': '/etc/xdg/xdg-ubuntu:/etc/xdg', 'CONDA_EXE': '/home/pranav/miniconda3/bin/conda', 'VSCODE_CODE_CACHE_PATH': '/home/pranav/.config/Code/CachedData/2901c5ac6db8a986a5666c3af51ff804d05af0d4', 'XDG_DATA_DIRS': '/usr/share/ubuntu:/usr/share/gnome:/home/pranav/.local/share/flatpak/exports/share:/var/lib/flatpak/exports/share:/usr/local/share/:/usr/share/:/var/lib/snapd/desktop', 'PYTHONPATH': '/home/pranav/ros2_ws/build/fizzbuzz/prefix_override:/usr/lib/python3/dist-packages/colcon_core/task/python/colcon_distutils_commands:/home/pranav/ros2_ws/install/fizzbuzz/lib/python3.12/site-packages:/home/pranav/ros2_ws/install/fizzbuzz_interfaces/lib/python3.13/site-packages:/home/pranav/ros2_ws/install/fizzbuzz_interfaces/lib/python3.12/site-packages:/opt/ros/jazzy/lib/python3.12/site-packages', 'CONDA_PREFIX': '/home/pranav/miniconda3', 'COLCON': '1', 'MEMORY_PRESSURE_WRITE': 'c29tZSAyMDAwMDAgMjAwMDAwMAA=', 'ELECTRON_NO_ATTACH_CONSOLE': '1', 'CMAKE_PREFIX_PATH': '/home/pranav/ros2_ws/install/fizzbuzz_interfaces:/opt/ros/jazzy/opt/gz_transport_vendor:/opt/ros/jazzy/opt/gz_msgs_vendor:/opt/ros/jazzy/opt/gz_math_vendor:/opt/ros/jazzy/opt/gz_utils_vendor:/opt/ros/jazzy/opt/gz_tools_vendor:/opt/ros/jazzy/opt/gz_cmake_vendor', 'VSCODE_PID': '4008'}, 'shell': False}
[3.640376] (-) TimerEvent: {}
[3.741598] (-) TimerEvent: {}
[3.843513] (-) TimerEvent: {}
[3.865290] (fizzbuzz) StdoutLine: {'line': b'running egg_info\n'}
[3.900540] (fizzbuzz) StdoutLine: {'line': b'writing ../../build/fizzbuzz/fizzbuzz.egg-info/PKG-INFO\n'}
[3.902168] (fizzbuzz) StdoutLine: {'line': b'writing dependency_links to ../../build/fizzbuzz/fizzbuzz.egg-info/dependency_links.txt\n'}
[3.902544] (fizzbuzz) StdoutLine: {'line': b'writing entry points to ../../build/fizzbuzz/fizzbuzz.egg-info/entry_points.txt\n'}
[3.904377] (fizzbuzz) StdoutLine: {'line': b'writing requirements to ../../build/fizzbuzz/fizzbuzz.egg-info/requires.txt\n'}
[3.904436] (fizzbuzz) StdoutLine: {'line': b'writing top-level names to ../../build/fizzbuzz/fizzbuzz.egg-info/top_level.txt\n'}
[3.933679] (fizzbuzz) StdoutLine: {'line': b"reading manifest file '../../build/fizzbuzz/fizzbuzz.egg-info/SOURCES.txt'\n"}
[3.934059] (fizzbuzz) StdoutLine: {'line': b"writing manifest file '../../build/fizzbuzz/fizzbuzz.egg-info/SOURCES.txt'\n"}
[3.934463] (fizzbuzz) StdoutLine: {'line': b'running build\n'}
[3.934730] (fizzbuzz) StdoutLine: {'line': b'running build_py\n'}
[3.935399] (fizzbuzz) StdoutLine: {'line': b'running install\n'}
[3.939714] (fizzbuzz) StdoutLine: {'line': b'running install_lib\n'}
[3.944650] (-) TimerEvent: {}
[3.955965] (fizzbuzz) StdoutLine: {'line': b'running install_data\n'}
[3.956067] (fizzbuzz) StdoutLine: {'line': b'running install_egg_info\n'}
[3.967062] (fizzbuzz) StdoutLine: {'line': b"removing '/home/pranav/ros2_ws/install/fizzbuzz/lib/python3.12/site-packages/fizzbuzz-0.0.0-py3.12.egg-info' (and everything under it)\n"}
[3.970606] (fizzbuzz) StdoutLine: {'line': b'Copying ../../build/fizzbuzz/fizzbuzz.egg-info to /home/pranav/ros2_ws/install/fizzbuzz/lib/python3.12/site-packages/fizzbuzz-0.0.0-py3.12.egg-info\n'}
[3.970676] (fizzbuzz) StdoutLine: {'line': b'running install_scripts\n'}
[4.044741] (-) TimerEvent: {}
[4.044987] (fizzbuzz) StdoutLine: {'line': b'Installing fizzbuzz_subscriber script to /home/pranav/ros2_ws/install/fizzbuzz/lib/fizzbuzz\n'}
[4.045574] (fizzbuzz) StdoutLine: {'line': b'Installing number_publisher script to /home/pranav/ros2_ws/install/fizzbuzz/lib/fizzbuzz\n'}
[4.046549] (fizzbuzz) StdoutLine: {'line': b"writing list of installed files to '/home/pranav/ros2_ws/build/fizzbuzz/install.log'\n"}
[4.071956] (fizzbuzz) CommandEnded: {'returncode': 0}
[4.077944] (fizzbuzz) JobEnded: {'identifier': 'fizzbuzz', 'rc': 0}
[4.078547] (-) EventReactorShutdown: {}
