[0.916s] Invoking command in '/home/pranav/ros2_ws/src/pet': CONDA_PROMPT_MODIFIER=(base) DEBUGINFOD_URLS=https://debuginfod.ubuntu.com PYTHONPATH=/home/pranav/ros2_ws/build/pet/prefix_override:/usr/lib/python3/dist-packages/colcon_core/task/python/colcon_distutils_commands:/home/pranav/ros2_ws/install/pet/lib/python3.12/site-packages:${PYTHONPATH} /usr/bin/python3 -W ignore:setup.py install is deprecated -W ignore:easy_install command is deprecated setup.py egg_info --egg-base ../../build/pet build --build-base /home/pranav/ros2_ws/build/pet/build install --record /home/pranav/ros2_ws/build/pet/install.log --single-version-externally-managed install_data
[1.174s] running egg_info
[1.191s] writing ../../build/pet/pet.egg-info/PKG-INFO
[1.192s] writing dependency_links to ../../build/pet/pet.egg-info/dependency_links.txt
[1.192s] writing entry points to ../../build/pet/pet.egg-info/entry_points.txt
[1.193s] writing requirements to ../../build/pet/pet.egg-info/requires.txt
[1.193s] writing top-level names to ../../build/pet/pet.egg-info/top_level.txt
[1.232s] reading manifest file '../../build/pet/pet.egg-info/SOURCES.txt'
[1.233s] writing manifest file '../../build/pet/pet.egg-info/SOURCES.txt'
[1.234s] running build
[1.234s] running build_py
[1.234s] running install
[1.241s] running install_lib
[1.258s] running install_data
[1.258s] running install_egg_info
[1.282s] removing '/home/pranav/ros2_ws/install/pet/lib/python3.12/site-packages/pet-0.0.0-py3.12.egg-info' (and everything under it)
[1.282s] Copying ../../build/pet/pet.egg-info to /home/pranav/ros2_ws/install/pet/lib/python3.12/site-packages/pet-0.0.0-py3.12.egg-info
[1.283s] running install_scripts
[1.367s] Installing pose_subscriber script to /home/pranav/ros2_ws/install/pet/lib/pet
[1.368s] Installing turtle_controller script to /home/pranav/ros2_ws/install/pet/lib/pet
[1.368s] writing list of installed files to '/home/pranav/ros2_ws/build/pet/install.log'
[1.441s] Invoked command in '/home/pranav/ros2_ws/src/pet' returned '0': CONDA_PROMPT_MODIFIER=(base) DEBUGINFOD_URLS=https://debuginfod.ubuntu.com PYTHONPATH=/home/pranav/ros2_ws/build/pet/prefix_override:/usr/lib/python3/dist-packages/colcon_core/task/python/colcon_distutils_commands:/home/pranav/ros2_ws/install/pet/lib/python3.12/site-packages:${PYTHONPATH} /usr/bin/python3 -W ignore:setup.py install is deprecated -W ignore:easy_install command is deprecated setup.py egg_info --egg-base ../../build/pet build --build-base /home/pranav/ros2_ws/build/pet/build install --record /home/pranav/ros2_ws/build/pet/install.log --single-version-externally-managed install_data
