[0.755s] Invoking command in '/home/pranav/ros2_ws/src/pet': CONDA_PROMPT_MODIFIER=(base) DEBUGINFOD_URLS=https://debuginfod.ubuntu.com PYTHONPATH=/home/pranav/ros2_ws/build/pet/prefix_override:/usr/lib/python3/dist-packages/colcon_core/task/python/colcon_distutils_commands:/home/pranav/ros2_ws/install/pet/lib/python3.12/site-packages:${PYTHONPATH} /usr/bin/python3 -W ignore:setup.py install is deprecated -W ignore:easy_install command is deprecated setup.py egg_info --egg-base ../../build/pet build --build-base /home/pranav/ros2_ws/build/pet/build install --record /home/pranav/ros2_ws/build/pet/install.log --single-version-externally-managed install_data
[0.888s] running egg_info
[0.889s] creating ../../build/pet/pet.egg-info
[0.898s] writing ../../build/pet/pet.egg-info/PKG-INFO
[0.899s] writing dependency_links to ../../build/pet/pet.egg-info/dependency_links.txt
[0.899s] writing entry points to ../../build/pet/pet.egg-info/entry_points.txt
[0.899s] writing requirements to ../../build/pet/pet.egg-info/requires.txt
[0.899s] writing top-level names to ../../build/pet/pet.egg-info/top_level.txt
[0.899s] writing manifest file '../../build/pet/pet.egg-info/SOURCES.txt'
[0.920s] reading manifest file '../../build/pet/pet.egg-info/SOURCES.txt'
[0.920s] writing manifest file '../../build/pet/pet.egg-info/SOURCES.txt'
[0.920s] running build
[0.920s] running build_py
[0.920s] creating /home/pranav/ros2_ws/build/pet/build
[0.920s] creating /home/pranav/ros2_ws/build/pet/build/lib
[0.920s] creating /home/pranav/ros2_ws/build/pet/build/lib/pet
[0.920s] copying pet/__init__.py -> /home/pranav/ros2_ws/build/pet/build/lib/pet
[0.920s] copying pet/pose_subscriber.py -> /home/pranav/ros2_ws/build/pet/build/lib/pet
[0.920s] copying pet/turtle_controller.py -> /home/pranav/ros2_ws/build/pet/build/lib/pet
[0.920s] running install
[0.922s] running install_lib
[0.931s] creating /home/pranav/ros2_ws/install/pet/lib/python3.12/site-packages/pet
[0.931s] copying /home/pranav/ros2_ws/build/pet/build/lib/pet/__init__.py -> /home/pranav/ros2_ws/install/pet/lib/python3.12/site-packages/pet
[0.931s] copying /home/pranav/ros2_ws/build/pet/build/lib/pet/pose_subscriber.py -> /home/pranav/ros2_ws/install/pet/lib/python3.12/site-packages/pet
[0.931s] copying /home/pranav/ros2_ws/build/pet/build/lib/pet/turtle_controller.py -> /home/pranav/ros2_ws/install/pet/lib/python3.12/site-packages/pet
[0.932s] byte-compiling /home/pranav/ros2_ws/install/pet/lib/python3.12/site-packages/pet/__init__.py to __init__.cpython-312.pyc
[0.932s] byte-compiling /home/pranav/ros2_ws/install/pet/lib/python3.12/site-packages/pet/pose_subscriber.py to pose_subscriber.cpython-312.pyc
[0.932s] byte-compiling /home/pranav/ros2_ws/install/pet/lib/python3.12/site-packages/pet/turtle_controller.py to turtle_controller.cpython-312.pyc
[0.932s] running install_data
[0.933s] creating /home/pranav/ros2_ws/install/pet/share/ament_index
[0.933s] creating /home/pranav/ros2_ws/install/pet/share/ament_index/resource_index
[0.933s] creating /home/pranav/ros2_ws/install/pet/share/ament_index/resource_index/packages
[0.933s] copying resource/pet -> /home/pranav/ros2_ws/install/pet/share/ament_index/resource_index/packages
[0.933s] copying package.xml -> /home/pranav/ros2_ws/install/pet/share/pet
[0.933s] running install_egg_info
[0.943s] Copying ../../build/pet/pet.egg-info to /home/pranav/ros2_ws/install/pet/lib/python3.12/site-packages/pet-0.0.0-py3.12.egg-info
[0.944s] running install_scripts
[1.014s] Installing pose_subscriber script to /home/pranav/ros2_ws/install/pet/lib/pet
[1.014s] Installing turtle_controller script to /home/pranav/ros2_ws/install/pet/lib/pet
[1.014s] writing list of installed files to '/home/pranav/ros2_ws/build/pet/install.log'
[1.166s] Invoked command in '/home/pranav/ros2_ws/src/pet' returned '0': CONDA_PROMPT_MODIFIER=(base) DEBUGINFOD_URLS=https://debuginfod.ubuntu.com PYTHONPATH=/home/pranav/ros2_ws/build/pet/prefix_override:/usr/lib/python3/dist-packages/colcon_core/task/python/colcon_distutils_commands:/home/pranav/ros2_ws/install/pet/lib/python3.12/site-packages:${PYTHONPATH} /usr/bin/python3 -W ignore:setup.py install is deprecated -W ignore:easy_install command is deprecated setup.py egg_info --egg-base ../../build/pet build --build-base /home/pranav/ros2_ws/build/pet/build install --record /home/pranav/ros2_ws/build/pet/install.log --single-version-externally-managed install_data
