[0.715s] Invoking command in '/home/pranav/ros2_ws/src/turtle_tag_game': CONDA_PROMPT_MODIFIER=(base) DEBUGINFOD_URLS=https://debuginfod.ubuntu.com PYTHONPATH=/home/pranav/ros2_ws/build/turtle_tag_game/prefix_override:/usr/lib/python3/dist-packages/colcon_core/task/python/colcon_distutils_commands:/home/pranav/ros2_ws/install/turtle_tag_game/lib/python3.12/site-packages:${PYTHONPATH} /usr/bin/python3 -W ignore:setup.py install is deprecated -W ignore:easy_install command is deprecated setup.py egg_info --egg-base ../../build/turtle_tag_game build --build-base /home/pranav/ros2_ws/build/turtle_tag_game/build install --record /home/pranav/ros2_ws/build/turtle_tag_game/install.log --single-version-externally-managed install_data
[0.856s] running egg_info
[0.857s] creating ../../build/turtle_tag_game/turtle_tag_game.egg-info
[0.867s] writing ../../build/turtle_tag_game/turtle_tag_game.egg-info/PKG-INFO
[0.868s] writing dependency_links to ../../build/turtle_tag_game/turtle_tag_game.egg-info/dependency_links.txt
[0.868s] writing requirements to ../../build/turtle_tag_game/turtle_tag_game.egg-info/requires.txt
[0.869s] writing top-level names to ../../build/turtle_tag_game/turtle_tag_game.egg-info/top_level.txt
[0.870s] writing manifest file '../../build/turtle_tag_game/turtle_tag_game.egg-info/SOURCES.txt'
[0.889s] reading manifest file '../../build/turtle_tag_game/turtle_tag_game.egg-info/SOURCES.txt'
[0.889s] writing manifest file '../../build/turtle_tag_game/turtle_tag_game.egg-info/SOURCES.txt'
[0.889s] running build
[0.889s] running build_py
[0.889s] creating /home/pranav/ros2_ws/build/turtle_tag_game/build
[0.889s] creating /home/pranav/ros2_ws/build/turtle_tag_game/build/lib
[0.889s] creating /home/pranav/ros2_ws/build/turtle_tag_game/build/lib/turtle_tag_game
[0.890s] copying turtle_tag_game/pose_sub_and_pub.py -> /home/pranav/ros2_ws/build/turtle_tag_game/build/lib/turtle_tag_game
[0.890s] copying turtle_tag_game/__init__.py -> /home/pranav/ros2_ws/build/turtle_tag_game/build/lib/turtle_tag_game
[0.892s] running install
[0.894s] running install_lib
[0.904s] creating /home/pranav/ros2_ws/install/turtle_tag_game/lib/python3.12/site-packages/turtle_tag_game
[0.904s] copying /home/pranav/ros2_ws/build/turtle_tag_game/build/lib/turtle_tag_game/pose_sub_and_pub.py -> /home/pranav/ros2_ws/install/turtle_tag_game/lib/python3.12/site-packages/turtle_tag_game
[0.904s] copying /home/pranav/ros2_ws/build/turtle_tag_game/build/lib/turtle_tag_game/__init__.py -> /home/pranav/ros2_ws/install/turtle_tag_game/lib/python3.12/site-packages/turtle_tag_game
[0.904s] byte-compiling /home/pranav/ros2_ws/install/turtle_tag_game/lib/python3.12/site-packages/turtle_tag_game/pose_sub_and_pub.py to pose_sub_and_pub.cpython-312.pyc
[0.906s] byte-compiling /home/pranav/ros2_ws/install/turtle_tag_game/lib/python3.12/site-packages/turtle_tag_game/__init__.py to __init__.cpython-312.pyc
[0.906s] running install_data
[0.906s] creating /home/pranav/ros2_ws/install/turtle_tag_game/share/ament_index
[0.906s] creating /home/pranav/ros2_ws/install/turtle_tag_game/share/ament_index/resource_index
[0.906s] creating /home/pranav/ros2_ws/install/turtle_tag_game/share/ament_index/resource_index/packages
[0.907s] copying resource/turtle_tag_game -> /home/pranav/ros2_ws/install/turtle_tag_game/share/ament_index/resource_index/packages
[0.907s] copying package.xml -> /home/pranav/ros2_ws/install/turtle_tag_game/share/turtle_tag_game
[0.907s] running install_egg_info
[0.915s] Copying ../../build/turtle_tag_game/turtle_tag_game.egg-info to /home/pranav/ros2_ws/install/turtle_tag_game/lib/python3.12/site-packages/turtle_tag_game-0.0.0-py3.12.egg-info
[0.915s] running install_scripts
[0.985s] writing list of installed files to '/home/pranav/ros2_ws/build/turtle_tag_game/install.log'
[1.009s] Invoked command in '/home/pranav/ros2_ws/src/turtle_tag_game' returned '0': CONDA_PROMPT_MODIFIER=(base) DEBUGINFOD_URLS=https://debuginfod.ubuntu.com PYTHONPATH=/home/pranav/ros2_ws/build/turtle_tag_game/prefix_override:/usr/lib/python3/dist-packages/colcon_core/task/python/colcon_distutils_commands:/home/pranav/ros2_ws/install/turtle_tag_game/lib/python3.12/site-packages:${PYTHONPATH} /usr/bin/python3 -W ignore:setup.py install is deprecated -W ignore:easy_install command is deprecated setup.py egg_info --egg-base ../../build/turtle_tag_game build --build-base /home/pranav/ros2_ws/build/turtle_tag_game/build install --record /home/pranav/ros2_ws/build/turtle_tag_game/install.log --single-version-externally-managed install_data
