[0.681s] Invoking command in '/home/pranav/ros2_ws/src/drone': CONDA_PROMPT_MODIFIER=(base) DEBUGINFOD_URLS=https://debuginfod.ubuntu.com PYTHONPATH=/home/pranav/ros2_ws/build/drone/prefix_override:/usr/lib/python3/dist-packages/colcon_core/task/python/colcon_distutils_commands:/home/pranav/ros2_ws/install/drone/lib/python3.12/site-packages:${PYTHONPATH} /usr/bin/python3 -W ignore:setup.py install is deprecated -W ignore:easy_install command is deprecated setup.py egg_info --egg-base ../../build/drone build --build-base /home/pranav/ros2_ws/build/drone/build install --record /home/pranav/ros2_ws/build/drone/install.log --single-version-externally-managed install_data
[0.815s] running egg_info
[0.824s] writing ../../build/drone/drone.egg-info/PKG-INFO
[0.824s] writing dependency_links to ../../build/drone/drone.egg-info/dependency_links.txt
[0.824s] writing entry points to ../../build/drone/drone.egg-info/entry_points.txt
[0.825s] writing requirements to ../../build/drone/drone.egg-info/requires.txt
[0.825s] writing top-level names to ../../build/drone/drone.egg-info/top_level.txt
[0.844s] reading manifest file '../../build/drone/drone.egg-info/SOURCES.txt'
[0.845s] writing manifest file '../../build/drone/drone.egg-info/SOURCES.txt'
[0.845s] running build
[0.845s] running build_py
[0.845s] running install
[0.849s] running install_lib
[0.858s] running install_data
[0.858s] running install_egg_info
[0.868s] removing '/home/pranav/ros2_ws/install/drone/lib/python3.12/site-packages/drone-0.0.0-py3.12.egg-info' (and everything under it)
[0.869s] Copying ../../build/drone/drone.egg-info to /home/pranav/ros2_ws/install/drone/lib/python3.12/site-packages/drone-0.0.0-py3.12.egg-info
[0.869s] running install_scripts
[0.937s] Installing apriltags script to /home/pranav/ros2_ws/install/drone/lib/drone
[0.937s] Installing pathfinder script to /home/pranav/ros2_ws/install/drone/lib/drone
[0.938s] writing list of installed files to '/home/pranav/ros2_ws/build/drone/install.log'
[0.966s] Invoked command in '/home/pranav/ros2_ws/src/drone' returned '0': CONDA_PROMPT_MODIFIER=(base) DEBUGINFOD_URLS=https://debuginfod.ubuntu.com PYTHONPATH=/home/pranav/ros2_ws/build/drone/prefix_override:/usr/lib/python3/dist-packages/colcon_core/task/python/colcon_distutils_commands:/home/pranav/ros2_ws/install/drone/lib/python3.12/site-packages:${PYTHONPATH} /usr/bin/python3 -W ignore:setup.py install is deprecated -W ignore:easy_install command is deprecated setup.py egg_info --egg-base ../../build/drone build --build-base /home/pranav/ros2_ws/build/drone/build install --record /home/pranav/ros2_ws/build/drone/install.log --single-version-externally-managed install_data
