[0.846s] Invoking command in '/home/pranav/ros2_ws/src/pet': CONDA_PROMPT_MODIFIER=(base) DEBUGINFOD_URLS=https://debuginfod.ubuntu.com PYTHONPATH=/home/pranav/ros2_ws/build/pet/prefix_override:/usr/lib/python3/dist-packages/colcon_core/task/python/colcon_distutils_commands:/home/pranav/ros2_ws/install/pet/lib/python3.12/site-packages:${PYTHONPATH} /usr/bin/python3 -W ignore:setup.py install is deprecated -W ignore:easy_install command is deprecated setup.py egg_info --egg-base ../../build/pet build --build-base /home/pranav/ros2_ws/build/pet/build install --record /home/pranav/ros2_ws/build/pet/install.log --single-version-externally-managed install_data
[1.026s] running egg_info
[1.036s] writing ../../build/pet/pet.egg-info/PKG-INFO
[1.036s] writing dependency_links to ../../build/pet/pet.egg-info/dependency_links.txt
[1.036s] writing entry points to ../../build/pet/pet.egg-info/entry_points.txt
[1.036s] writing requirements to ../../build/pet/pet.egg-info/requires.txt
[1.036s] writing top-level names to ../../build/pet/pet.egg-info/top_level.txt
[1.060s] reading manifest file '../../build/pet/pet.egg-info/SOURCES.txt'
[1.061s] writing manifest file '../../build/pet/pet.egg-info/SOURCES.txt'
[1.061s] running build
[1.061s] running build_py
[1.064s] running install
[1.066s] running install_lib
[1.076s] running install_data
[1.076s] running install_egg_info
[1.087s] removing '/home/pranav/ros2_ws/install/pet/lib/python3.12/site-packages/pet-0.0.0-py3.12.egg-info' (and everything under it)
[1.087s] Copying ../../build/pet/pet.egg-info to /home/pranav/ros2_ws/install/pet/lib/python3.12/site-packages/pet-0.0.0-py3.12.egg-info
[1.088s] running install_scripts
[1.168s] Installing pose_subscriber script to /home/pranav/ros2_ws/install/pet/lib/pet
[1.169s] Installing turtle_controller script to /home/pranav/ros2_ws/install/pet/lib/pet
[1.169s] writing list of installed files to '/home/pranav/ros2_ws/build/pet/install.log'
[1.192s] Invoked command in '/home/pranav/ros2_ws/src/pet' returned '0': CONDA_PROMPT_MODIFIER=(base) DEBUGINFOD_URLS=https://debuginfod.ubuntu.com PYTHONPATH=/home/pranav/ros2_ws/build/pet/prefix_override:/usr/lib/python3/dist-packages/colcon_core/task/python/colcon_distutils_commands:/home/pranav/ros2_ws/install/pet/lib/python3.12/site-packages:${PYTHONPATH} /usr/bin/python3 -W ignore:setup.py install is deprecated -W ignore:easy_install command is deprecated setup.py egg_info --egg-base ../../build/pet build --build-base /home/pranav/ros2_ws/build/pet/build install --record /home/pranav/ros2_ws/build/pet/install.log --single-version-externally-managed install_data
