[0.931s] Invoking command in '/home/pranav/ros2_ws/src/drone': CONDA_PROMPT_MODIFIER=(base) DEBUGINFOD_URLS=https://debuginfod.ubuntu.com PYTHONPATH=/home/pranav/ros2_ws/build/drone/prefix_override:/usr/lib/python3/dist-packages/colcon_core/task/python/colcon_distutils_commands:/home/pranav/ros2_ws/install/drone/lib/python3.12/site-packages:${PYTHONPATH} /usr/bin/python3 -W ignore:setup.py install is deprecated -W ignore:easy_install command is deprecated setup.py egg_info --egg-base ../../build/drone build --build-base /home/pranav/ros2_ws/build/drone/build install --record /home/pranav/ros2_ws/build/drone/install.log --single-version-externally-managed install_data
[1.100s] running egg_info
[1.121s] writing ../../build/drone/drone.egg-info/PKG-INFO
[1.121s] writing dependency_links to ../../build/drone/drone.egg-info/dependency_links.txt
[1.121s] writing entry points to ../../build/drone/drone.egg-info/entry_points.txt
[1.121s] writing requirements to ../../build/drone/drone.egg-info/requires.txt
[1.121s] writing top-level names to ../../build/drone/drone.egg-info/top_level.txt
[1.138s] reading manifest file '../../build/drone/drone.egg-info/SOURCES.txt'
[1.138s] writing manifest file '../../build/drone/drone.egg-info/SOURCES.txt'
[1.138s] running build
[1.138s] running build_py
[1.138s] running install
[1.143s] running install_lib
[1.158s] running install_data
[1.159s] running install_egg_info
[1.169s] removing '/home/pranav/ros2_ws/install/drone/lib/python3.12/site-packages/drone-0.0.0-py3.12.egg-info' (and everything under it)
[1.169s] Copying ../../build/drone/drone.egg-info to /home/pranav/ros2_ws/install/drone/lib/python3.12/site-packages/drone-0.0.0-py3.12.egg-info
[1.170s] running install_scripts
[1.261s] Installing apriltags script to /home/pranav/ros2_ws/install/drone/lib/drone
[1.261s] Installing pathfinder script to /home/pranav/ros2_ws/install/drone/lib/drone
[1.261s] writing list of installed files to '/home/pranav/ros2_ws/build/drone/install.log'
[1.414s] Invoked command in '/home/pranav/ros2_ws/src/drone' returned '0': CONDA_PROMPT_MODIFIER=(base) DEBUGINFOD_URLS=https://debuginfod.ubuntu.com PYTHONPATH=/home/pranav/ros2_ws/build/drone/prefix_override:/usr/lib/python3/dist-packages/colcon_core/task/python/colcon_distutils_commands:/home/pranav/ros2_ws/install/drone/lib/python3.12/site-packages:${PYTHONPATH} /usr/bin/python3 -W ignore:setup.py install is deprecated -W ignore:easy_install command is deprecated setup.py egg_info --egg-base ../../build/drone build --build-base /home/pranav/ros2_ws/build/drone/build install --record /home/pranav/ros2_ws/build/drone/install.log --single-version-externally-managed install_data
