[1.819s] Invoking command in '/home/pranav/ros2_ws/build/drone': CONDA_PROMPT_MODIFIER=(base) DEBUGINFOD_URLS=https://debuginfod.ubuntu.com PYTHONPATH=/home/pranav/ros2_ws/build/drone/prefix_override:/usr/lib/python3/dist-packages/colcon_core/task/python/colcon_distutils_commands:/home/pranav/ros2_ws/install/drone/lib/python3.12/site-packages:${PYTHONPATH} /usr/bin/python3 -W ignore:setup.py install is deprecated -W ignore:easy_install command is deprecated setup.py develop --uninstall --editable --build-directory /home/pranav/ros2_ws/build/drone/build
[2.151s] running develop
[2.349s] Removing /home/pranav/ros2_ws/install/drone/lib/python3.12/site-packages/drone.egg-link (link to .)
[2.403s] Invoked command in '/home/pranav/ros2_ws/build/drone' returned '0': CONDA_PROMPT_MODIFIER=(base) DEBUGINFOD_URLS=https://debuginfod.ubuntu.com PYTHONPATH=/home/pranav/ros2_ws/build/drone/prefix_override:/usr/lib/python3/dist-packages/colcon_core/task/python/colcon_distutils_commands:/home/pranav/ros2_ws/install/drone/lib/python3.12/site-packages:${PYTHONPATH} /usr/bin/python3 -W ignore:setup.py install is deprecated -W ignore:easy_install command is deprecated setup.py develop --uninstall --editable --build-directory /home/pranav/ros2_ws/build/drone/build
[2.403s] Invoking command in '/home/pranav/ros2_ws/src/drone': CONDA_PROMPT_MODIFIER=(base) DEBUGINFOD_URLS=https://debuginfod.ubuntu.com PYTHONPATH=/home/pranav/ros2_ws/build/drone/prefix_override:/usr/lib/python3/dist-packages/colcon_core/task/python/colcon_distutils_commands:/home/pranav/ros2_ws/install/drone/lib/python3.12/site-packages:${PYTHONPATH} /usr/bin/python3 -W ignore:setup.py install is deprecated -W ignore:easy_install command is deprecated setup.py egg_info --egg-base ../../build/drone build --build-base /home/pranav/ros2_ws/build/drone/build install --record /home/pranav/ros2_ws/build/drone/install.log --single-version-externally-managed install_data --force
[2.676s] running egg_info
[2.682s] writing ../../build/drone/drone.egg-info/PKG-INFO
[3.010s] writing dependency_links to ../../build/drone/drone.egg-info/dependency_links.txt
[3.010s] writing entry points to ../../build/drone/drone.egg-info/entry_points.txt
[3.010s] writing requirements to ../../build/drone/drone.egg-info/requires.txt
[3.010s] writing top-level names to ../../build/drone/drone.egg-info/top_level.txt
[3.010s] reading manifest file '../../build/drone/drone.egg-info/SOURCES.txt'
[3.010s] writing manifest file '../../build/drone/drone.egg-info/SOURCES.txt'
[3.010s] running build
[3.010s] running build_py
[3.010s] running install
[3.010s] running install_lib
[3.010s] creating /home/pranav/ros2_ws/install/drone/lib/python3.12/site-packages/drone
[3.010s] copying /home/pranav/ros2_ws/build/drone/build/lib/drone/linearReg.py -> /home/pranav/ros2_ws/install/drone/lib/python3.12/site-packages/drone
[3.010s] copying /home/pranav/ros2_ws/build/drone/build/lib/drone/__init__.py -> /home/pranav/ros2_ws/install/drone/lib/python3.12/site-packages/drone
[3.010s] copying /home/pranav/ros2_ws/build/drone/build/lib/drone/pathfinder.py -> /home/pranav/ros2_ws/install/drone/lib/python3.12/site-packages/drone
[3.010s] copying /home/pranav/ros2_ws/build/drone/build/lib/drone/AprilTags.py -> /home/pranav/ros2_ws/install/drone/lib/python3.12/site-packages/drone
[3.010s] byte-compiling /home/pranav/ros2_ws/install/drone/lib/python3.12/site-packages/drone/linearReg.py to linearReg.cpython-312.pyc
[3.010s] byte-compiling /home/pranav/ros2_ws/install/drone/lib/python3.12/site-packages/drone/__init__.py to __init__.cpython-312.pyc
[3.010s] byte-compiling /home/pranav/ros2_ws/install/drone/lib/python3.12/site-packages/drone/pathfinder.py to pathfinder.cpython-312.pyc
[3.010s] byte-compiling /home/pranav/ros2_ws/install/drone/lib/python3.12/site-packages/drone/AprilTags.py to AprilTags.cpython-312.pyc
[3.010s] running install_data
[3.010s] copying resource/drone -> /home/pranav/ros2_ws/install/drone/share/ament_index/resource_index/packages
[3.010s] copying package.xml -> /home/pranav/ros2_ws/install/drone/share/drone
[3.010s] running install_egg_info
[3.010s] Copying ../../build/drone/drone.egg-info to /home/pranav/ros2_ws/install/drone/lib/python3.12/site-packages/drone-0.0.0-py3.12.egg-info
[3.010s] running install_scripts
[3.010s] Installing apriltags script to /home/pranav/ros2_ws/install/drone/lib/drone
[3.010s] Installing pathfinder script to /home/pranav/ros2_ws/install/drone/lib/drone
[3.010s] writing list of installed files to '/home/pranav/ros2_ws/build/drone/install.log'
[3.022s] Invoked command in '/home/pranav/ros2_ws/src/drone' returned '0': CONDA_PROMPT_MODIFIER=(base) DEBUGINFOD_URLS=https://debuginfod.ubuntu.com PYTHONPATH=/home/pranav/ros2_ws/build/drone/prefix_override:/usr/lib/python3/dist-packages/colcon_core/task/python/colcon_distutils_commands:/home/pranav/ros2_ws/install/drone/lib/python3.12/site-packages:${PYTHONPATH} /usr/bin/python3 -W ignore:setup.py install is deprecated -W ignore:easy_install command is deprecated setup.py egg_info --egg-base ../../build/drone build --build-base /home/pranav/ros2_ws/build/drone/build install --record /home/pranav/ros2_ws/build/drone/install.log --single-version-externally-managed install_data --force
