[0.457s] Invoking command in '/home/pranav/ros2_ws/src/webcam': CONDA_PROMPT_MODIFIER=(base) DEBUGINFOD_URLS=https://debuginfod.ubuntu.com PYTHONPATH=/home/pranav/ros2_ws/build/webcam/prefix_override:/usr/lib/python3/dist-packages/colcon_core/task/python/colcon_distutils_commands:/home/pranav/ros2_ws/install/webcam/lib/python3.12/site-packages:${PYTHONPATH} /usr/bin/python3 -W ignore:setup.py install is deprecated -W ignore:easy_install command is deprecated setup.py egg_info --egg-base ../../build/webcam build --build-base /home/pranav/ros2_ws/build/webcam/build install --record /home/pranav/ros2_ws/build/webcam/install.log --single-version-externally-managed install_data
[0.602s] running egg_info
[0.611s] writing ../../build/webcam/webcam.egg-info/PKG-INFO
[0.613s] writing dependency_links to ../../build/webcam/webcam.egg-info/dependency_links.txt
[0.613s] writing entry points to ../../build/webcam/webcam.egg-info/entry_points.txt
[0.613s] writing requirements to ../../build/webcam/webcam.egg-info/requires.txt
[0.613s] writing top-level names to ../../build/webcam/webcam.egg-info/top_level.txt
[0.631s] reading manifest file '../../build/webcam/webcam.egg-info/SOURCES.txt'
[0.632s] writing manifest file '../../build/webcam/webcam.egg-info/SOURCES.txt'
[0.632s] running build
[0.632s] running build_py
[0.633s] running install
[0.637s] running install_lib
[0.646s] running install_data
[0.647s] running install_egg_info
[0.657s] removing '/home/pranav/ros2_ws/install/webcam/lib/python3.12/site-packages/webcam-0.0.0-py3.12.egg-info' (and everything under it)
[0.657s] Copying ../../build/webcam/webcam.egg-info to /home/pranav/ros2_ws/install/webcam/lib/python3.12/site-packages/webcam-0.0.0-py3.12.egg-info
[0.658s] running install_scripts
[0.765s] Installing webcam_node script to /home/pranav/ros2_ws/install/webcam/lib/webcam
[0.766s] writing list of installed files to '/home/pranav/ros2_ws/build/webcam/install.log'
[0.870s] Invoked command in '/home/pranav/ros2_ws/src/webcam' returned '0': CONDA_PROMPT_MODIFIER=(base) DEBUGINFOD_URLS=https://debuginfod.ubuntu.com PYTHONPATH=/home/pranav/ros2_ws/build/webcam/prefix_override:/usr/lib/python3/dist-packages/colcon_core/task/python/colcon_distutils_commands:/home/pranav/ros2_ws/install/webcam/lib/python3.12/site-packages:${PYTHONPATH} /usr/bin/python3 -W ignore:setup.py install is deprecated -W ignore:easy_install command is deprecated setup.py egg_info --egg-base ../../build/webcam build --build-base /home/pranav/ros2_ws/build/webcam/build install --record /home/pranav/ros2_ws/build/webcam/install.log --single-version-externally-managed install_data
