[0.525s] Invoking command in '/home/pranav/ros2_ws/src/webcam': CONDA_PROMPT_MODIFIER=(base) DEBUGINFOD_URLS=https://debuginfod.ubuntu.com PYTHONPATH=/home/pranav/ros2_ws/build/webcam/prefix_override:/usr/lib/python3/dist-packages/colcon_core/task/python/colcon_distutils_commands:/home/pranav/ros2_ws/install/webcam/lib/python3.12/site-packages:${PYTHONPATH} /usr/bin/python3 -W ignore:setup.py install is deprecated -W ignore:easy_install command is deprecated setup.py egg_info --egg-base ../../build/webcam build --build-base /home/pranav/ros2_ws/build/webcam/build install --record /home/pranav/ros2_ws/build/webcam/install.log --single-version-externally-managed install_data
[0.692s] running egg_info
[0.701s] writing ../../build/webcam/webcam.egg-info/PKG-INFO
[0.701s] writing dependency_links to ../../build/webcam/webcam.egg-info/dependency_links.txt
[0.702s] writing entry points to ../../build/webcam/webcam.egg-info/entry_points.txt
[0.703s] writing requirements to ../../build/webcam/webcam.egg-info/requires.txt
[0.703s] writing top-level names to ../../build/webcam/webcam.egg-info/top_level.txt
[0.724s] reading manifest file '../../build/webcam/webcam.egg-info/SOURCES.txt'
[0.727s] writing manifest file '../../build/webcam/webcam.egg-info/SOURCES.txt'
[0.727s] running build
[0.727s] running build_py
[0.727s] running install
[0.730s] running install_lib
[0.748s] running install_data
[0.751s] running install_egg_info
[0.769s] removing '/home/pranav/ros2_ws/install/webcam/lib/python3.12/site-packages/webcam-0.0.0-py3.12.egg-info' (and everything under it)
[0.770s] Copying ../../build/webcam/webcam.egg-info to /home/pranav/ros2_ws/install/webcam/lib/python3.12/site-packages/webcam-0.0.0-py3.12.egg-info
[0.772s] running install_scripts
[0.875s] Installing webcam_node script to /home/pranav/ros2_ws/install/webcam/lib/webcam
[0.876s] writing list of installed files to '/home/pranav/ros2_ws/build/webcam/install.log'
[0.916s] Invoked command in '/home/pranav/ros2_ws/src/webcam' returned '0': CONDA_PROMPT_MODIFIER=(base) DEBUGINFOD_URLS=https://debuginfod.ubuntu.com PYTHONPATH=/home/pranav/ros2_ws/build/webcam/prefix_override:/usr/lib/python3/dist-packages/colcon_core/task/python/colcon_distutils_commands:/home/pranav/ros2_ws/install/webcam/lib/python3.12/site-packages:${PYTHONPATH} /usr/bin/python3 -W ignore:setup.py install is deprecated -W ignore:easy_install command is deprecated setup.py egg_info --egg-base ../../build/webcam build --build-base /home/pranav/ros2_ws/build/webcam/build install --record /home/pranav/ros2_ws/build/webcam/install.log --single-version-externally-managed install_data
