[1.482s] Invoking command in '/home/pranav/ros2_ws/src/webcam': CONDA_PROMPT_MODIFIER=(base) DEBUGINFOD_URLS=https://debuginfod.ubuntu.com PYTHONPATH=/home/pranav/ros2_ws/build/webcam/prefix_override:/usr/lib/python3/dist-packages/colcon_core/task/python/colcon_distutils_commands:/home/pranav/ros2_ws/install/webcam/lib/python3.12/site-packages:${PYTHONPATH} /usr/bin/python3 -W ignore:setup.py install is deprecated -W ignore:easy_install command is deprecated setup.py egg_info --egg-base ../../build/webcam build --build-base /home/pranav/ros2_ws/build/webcam/build install --record /home/pranav/ros2_ws/build/webcam/install.log --single-version-externally-managed install_data
[2.087s] running egg_info
[2.137s] writing ../../build/webcam/webcam.egg-info/PKG-INFO
[2.137s] writing dependency_links to ../../build/webcam/webcam.egg-info/dependency_links.txt
[2.137s] writing entry points to ../../build/webcam/webcam.egg-info/entry_points.txt
[2.137s] writing requirements to ../../build/webcam/webcam.egg-info/requires.txt
[2.137s] writing top-level names to ../../build/webcam/webcam.egg-info/top_level.txt
[2.191s] reading manifest file '../../build/webcam/webcam.egg-info/SOURCES.txt'
[2.198s] writing manifest file '../../build/webcam/webcam.egg-info/SOURCES.txt'
[2.198s] running build
[2.198s] running build_py
[2.199s] copying webcam/webcam_node.py -> /home/pranav/ros2_ws/build/webcam/build/lib/webcam
[2.210s] running install
[2.223s] running install_lib
[2.256s] copying /home/pranav/ros2_ws/build/webcam/build/lib/webcam/webcam_node.py -> /home/pranav/ros2_ws/install/webcam/lib/python3.12/site-packages/webcam
[2.256s] byte-compiling /home/pranav/ros2_ws/install/webcam/lib/python3.12/site-packages/webcam/webcam_node.py to webcam_node.cpython-312.pyc
[2.256s] running install_data
[2.256s] running install_egg_info
[2.296s] removing '/home/pranav/ros2_ws/install/webcam/lib/python3.12/site-packages/webcam-0.0.0-py3.12.egg-info' (and everything under it)
[2.298s] Copying ../../build/webcam/webcam.egg-info to /home/pranav/ros2_ws/install/webcam/lib/python3.12/site-packages/webcam-0.0.0-py3.12.egg-info
[2.301s] running install_scripts
[2.559s] Installing webcam_node script to /home/pranav/ros2_ws/install/webcam/lib/webcam
[2.559s] writing list of installed files to '/home/pranav/ros2_ws/build/webcam/install.log'
[2.671s] Invoked command in '/home/pranav/ros2_ws/src/webcam' returned '0': CONDA_PROMPT_MODIFIER=(base) DEBUGINFOD_URLS=https://debuginfod.ubuntu.com PYTHONPATH=/home/pranav/ros2_ws/build/webcam/prefix_override:/usr/lib/python3/dist-packages/colcon_core/task/python/colcon_distutils_commands:/home/pranav/ros2_ws/install/webcam/lib/python3.12/site-packages:${PYTHONPATH} /usr/bin/python3 -W ignore:setup.py install is deprecated -W ignore:easy_install command is deprecated setup.py egg_info --egg-base ../../build/webcam build --build-base /home/pranav/ros2_ws/build/webcam/build install --record /home/pranav/ros2_ws/build/webcam/install.log --single-version-externally-managed install_data
