[0.948s] Invoking command in '/home/pranav/ros2_ws/src/drone': CONDA_PROMPT_MODIFIER=(base) DEBUGINFOD_URLS=https://debuginfod.ubuntu.com PYTHONPATH=/home/pranav/ros2_ws/build/drone/prefix_override:/usr/lib/python3/dist-packages/colcon_core/task/python/colcon_distutils_commands:/home/pranav/ros2_ws/install/drone/lib/python3.12/site-packages:${PYTHONPATH} /usr/bin/python3 -W ignore:setup.py install is deprecated -W ignore:easy_install command is deprecated setup.py egg_info --egg-base ../../build/drone build --build-base /home/pranav/ros2_ws/build/drone/build install --record /home/pranav/ros2_ws/build/drone/install.log --single-version-externally-managed install_data
[1.115s] running egg_info
[1.123s] writing ../../build/drone/drone.egg-info/PKG-INFO
[1.124s] writing dependency_links to ../../build/drone/drone.egg-info/dependency_links.txt
[1.125s] writing entry points to ../../build/drone/drone.egg-info/entry_points.txt
[1.125s] writing requirements to ../../build/drone/drone.egg-info/requires.txt
[1.125s] writing top-level names to ../../build/drone/drone.egg-info/top_level.txt
[1.151s] reading manifest file '../../build/drone/drone.egg-info/SOURCES.txt'
[1.152s] writing manifest file '../../build/drone/drone.egg-info/SOURCES.txt'
[1.152s] running build
[1.153s] running build_py
[1.153s] copying drone/calibration.py -> /home/pranav/ros2_ws/build/drone/build/lib/drone
[1.154s] running install
[1.158s] running install_lib
[1.170s] copying /home/pranav/ros2_ws/build/drone/build/lib/drone/calibration.py -> /home/pranav/ros2_ws/install/drone/lib/python3.12/site-packages/drone
[1.171s] byte-compiling /home/pranav/ros2_ws/install/drone/lib/python3.12/site-packages/drone/calibration.py to calibration.cpython-312.pyc
[1.172s] running install_data
[1.175s] running install_egg_info
[1.183s] removing '/home/pranav/ros2_ws/install/drone/lib/python3.12/site-packages/drone-0.0.0-py3.12.egg-info' (and everything under it)
[1.188s] Copying ../../build/drone/drone.egg-info to /home/pranav/ros2_ws/install/drone/lib/python3.12/site-packages/drone-0.0.0-py3.12.egg-info
[1.188s] running install_scripts
[1.261s] Installing apriltags script to /home/pranav/ros2_ws/install/drone/lib/drone
[1.261s] Installing pathfinder script to /home/pranav/ros2_ws/install/drone/lib/drone
[1.262s] writing list of installed files to '/home/pranav/ros2_ws/build/drone/install.log'
[1.283s] Invoked command in '/home/pranav/ros2_ws/src/drone' returned '0': CONDA_PROMPT_MODIFIER=(base) DEBUGINFOD_URLS=https://debuginfod.ubuntu.com PYTHONPATH=/home/pranav/ros2_ws/build/drone/prefix_override:/usr/lib/python3/dist-packages/colcon_core/task/python/colcon_distutils_commands:/home/pranav/ros2_ws/install/drone/lib/python3.12/site-packages:${PYTHONPATH} /usr/bin/python3 -W ignore:setup.py install is deprecated -W ignore:easy_install command is deprecated setup.py egg_info --egg-base ../../build/drone build --build-base /home/pranav/ros2_ws/build/drone/build install --record /home/pranav/ros2_ws/build/drone/install.log --single-version-externally-managed install_data
