[0.400s] Invoking command in '/home/pranav/ros2_ws/src/fizzbuzz': AMENT_PREFIX_PATH=/home/pranav/ros2_ws/install/fizzbuzz_interfaces:${AMENT_PREFIX_PATH} CMAKE_PREFIX_PATH=/home/pranav/ros2_ws/install/fizzbuzz_interfaces:${CMAKE_PREFIX_PATH} CONDA_PROMPT_MODIFIER=(base) DEBUGINFOD_URLS=https://debuginfod.ubuntu.com PYTHONPATH=/home/pranav/ros2_ws/build/fizzbuzz/prefix_override:/usr/lib/python3/dist-packages/colcon_core/task/python/colcon_distutils_commands:/home/pranav/ros2_ws/install/fizzbuzz/lib/python3.12/site-packages:${PYTHONPATH} /usr/bin/python3 -W ignore:setup.py install is deprecated -W ignore:easy_install command is deprecated setup.py egg_info --egg-base ../../build/fizzbuzz build --build-base /home/pranav/ros2_ws/build/fizzbuzz/build install --record /home/pranav/ros2_ws/build/fizzbuzz/install.log --single-version-externally-managed install_data
[0.527s] running egg_info
[0.527s] creating ../../build/fizzbuzz/fizzbuzz.egg-info
[0.535s] writing ../../build/fizzbuzz/fizzbuzz.egg-info/PKG-INFO
[0.535s] writing dependency_links to ../../build/fizzbuzz/fizzbuzz.egg-info/dependency_links.txt
[0.536s] writing entry points to ../../build/fizzbuzz/fizzbuzz.egg-info/entry_points.txt
[0.536s] writing requirements to ../../build/fizzbuzz/fizzbuzz.egg-info/requires.txt
[0.536s] writing top-level names to ../../build/fizzbuzz/fizzbuzz.egg-info/top_level.txt
[0.536s] writing manifest file '../../build/fizzbuzz/fizzbuzz.egg-info/SOURCES.txt'
[0.552s] reading manifest file '../../build/fizzbuzz/fizzbuzz.egg-info/SOURCES.txt'
[0.553s] writing manifest file '../../build/fizzbuzz/fizzbuzz.egg-info/SOURCES.txt'
[0.553s] running build
[0.553s] running build_py
[0.553s] creating /home/pranav/ros2_ws/build/fizzbuzz/build
[0.553s] creating /home/pranav/ros2_ws/build/fizzbuzz/build/lib
[0.553s] creating /home/pranav/ros2_ws/build/fizzbuzz/build/lib/fizzbuzz
[0.553s] copying fizzbuzz/number_publisher.py -> /home/pranav/ros2_ws/build/fizzbuzz/build/lib/fizzbuzz
[0.553s] copying fizzbuzz/__init__.py -> /home/pranav/ros2_ws/build/fizzbuzz/build/lib/fizzbuzz
[0.553s] copying fizzbuzz/fizzbuzz_subscriber.py -> /home/pranav/ros2_ws/build/fizzbuzz/build/lib/fizzbuzz
[0.553s] running install
[0.557s] running install_lib
[0.565s] creating /home/pranav/ros2_ws/install/fizzbuzz/lib/python3.12/site-packages/fizzbuzz
[0.565s] copying /home/pranav/ros2_ws/build/fizzbuzz/build/lib/fizzbuzz/number_publisher.py -> /home/pranav/ros2_ws/install/fizzbuzz/lib/python3.12/site-packages/fizzbuzz
[0.565s] copying /home/pranav/ros2_ws/build/fizzbuzz/build/lib/fizzbuzz/__init__.py -> /home/pranav/ros2_ws/install/fizzbuzz/lib/python3.12/site-packages/fizzbuzz
[0.566s] copying /home/pranav/ros2_ws/build/fizzbuzz/build/lib/fizzbuzz/fizzbuzz_subscriber.py -> /home/pranav/ros2_ws/install/fizzbuzz/lib/python3.12/site-packages/fizzbuzz
[0.566s] byte-compiling /home/pranav/ros2_ws/install/fizzbuzz/lib/python3.12/site-packages/fizzbuzz/number_publisher.py to number_publisher.cpython-312.pyc
[0.567s] byte-compiling /home/pranav/ros2_ws/install/fizzbuzz/lib/python3.12/site-packages/fizzbuzz/__init__.py to __init__.cpython-312.pyc
[0.567s] byte-compiling /home/pranav/ros2_ws/install/fizzbuzz/lib/python3.12/site-packages/fizzbuzz/fizzbuzz_subscriber.py to fizzbuzz_subscriber.cpython-312.pyc
[0.567s] running install_data
[0.567s] creating /home/pranav/ros2_ws/install/fizzbuzz/share/ament_index
[0.567s] creating /home/pranav/ros2_ws/install/fizzbuzz/share/ament_index/resource_index
[0.567s] creating /home/pranav/ros2_ws/install/fizzbuzz/share/ament_index/resource_index/packages
[0.567s] copying resource/fizzbuzz -> /home/pranav/ros2_ws/install/fizzbuzz/share/ament_index/resource_index/packages
[0.567s] copying package.xml -> /home/pranav/ros2_ws/install/fizzbuzz/share/fizzbuzz
[0.567s] creating /home/pranav/ros2_ws/install/fizzbuzz/share/fizzbuzz/launch
[0.567s] running install_egg_info
[0.576s] Copying ../../build/fizzbuzz/fizzbuzz.egg-info to /home/pranav/ros2_ws/install/fizzbuzz/lib/python3.12/site-packages/fizzbuzz-0.0.0-py3.12.egg-info
[0.576s] running install_scripts
[0.640s] Installing fizzbuzz_subscriber script to /home/pranav/ros2_ws/install/fizzbuzz/lib/fizzbuzz
[0.640s] Installing number_publisher script to /home/pranav/ros2_ws/install/fizzbuzz/lib/fizzbuzz
[0.640s] writing list of installed files to '/home/pranav/ros2_ws/build/fizzbuzz/install.log'
[0.656s] Invoked command in '/home/pranav/ros2_ws/src/fizzbuzz' returned '0': AMENT_PREFIX_PATH=/home/pranav/ros2_ws/install/fizzbuzz_interfaces:${AMENT_PREFIX_PATH} CMAKE_PREFIX_PATH=/home/pranav/ros2_ws/install/fizzbuzz_interfaces:${CMAKE_PREFIX_PATH} CONDA_PROMPT_MODIFIER=(base) DEBUGINFOD_URLS=https://debuginfod.ubuntu.com PYTHONPATH=/home/pranav/ros2_ws/build/fizzbuzz/prefix_override:/usr/lib/python3/dist-packages/colcon_core/task/python/colcon_distutils_commands:/home/pranav/ros2_ws/install/fizzbuzz/lib/python3.12/site-packages:${PYTHONPATH} /usr/bin/python3 -W ignore:setup.py install is deprecated -W ignore:easy_install command is deprecated setup.py egg_info --egg-base ../../build/fizzbuzz build --build-base /home/pranav/ros2_ws/build/fizzbuzz/build install --record /home/pranav/ros2_ws/build/fizzbuzz/install.log --single-version-externally-managed install_data
