[3.417s] Invoking command in '/home/pranav/ros2_ws/src/drone': CONDA_PROMPT_MODIFIER=(base) DEBUGINFOD_URLS=https://debuginfod.ubuntu.com PYTHONPATH=/home/pranav/ros2_ws/build/drone/prefix_override:/usr/lib/python3/dist-packages/colcon_core/task/python/colcon_distutils_commands:/home/pranav/ros2_ws/install/drone/lib/python3.12/site-packages:${PYTHONPATH} /usr/bin/python3 -W ignore:setup.py install is deprecated -W ignore:easy_install command is deprecated setup.py egg_info --egg-base ../../build/drone build --build-base /home/pranav/ros2_ws/build/drone/build install --record /home/pranav/ros2_ws/build/drone/install.log --single-version-externally-managed install_data
[3.793s] running egg_info
[3.799s] writing ../../build/drone/drone.egg-info/PKG-INFO
[3.800s] writing dependency_links to ../../build/drone/drone.egg-info/dependency_links.txt
[3.800s] writing entry points to ../../build/drone/drone.egg-info/entry_points.txt
[3.800s] writing requirements to ../../build/drone/drone.egg-info/requires.txt
[3.800s] writing top-level names to ../../build/drone/drone.egg-info/top_level.txt
[3.819s] reading manifest file '../../build/drone/drone.egg-info/SOURCES.txt'
[3.821s] writing manifest file '../../build/drone/drone.egg-info/SOURCES.txt'
[3.821s] running build
[3.821s] running build_py
[3.821s] copying drone/AprilTags.py -> /home/pranav/ros2_ws/build/drone/build/lib/drone
[3.827s] copying drone/calibration.py -> /home/pranav/ros2_ws/build/drone/build/lib/drone
[3.831s] running install
[3.843s] running install_lib
[3.859s] copying /home/pranav/ros2_ws/build/drone/build/lib/drone/linearReg.py -> /home/pranav/ros2_ws/install/drone/lib/python3.12/site-packages/drone
[3.859s] copying /home/pranav/ros2_ws/build/drone/build/lib/drone/AprilTags.py -> /home/pranav/ros2_ws/install/drone/lib/python3.12/site-packages/drone
[3.859s] copying /home/pranav/ros2_ws/build/drone/build/lib/drone/calibration.py -> /home/pranav/ros2_ws/install/drone/lib/python3.12/site-packages/drone
[3.859s] byte-compiling /home/pranav/ros2_ws/install/drone/lib/python3.12/site-packages/drone/linearReg.py to linearReg.cpython-312.pyc
[3.859s] byte-compiling /home/pranav/ros2_ws/install/drone/lib/python3.12/site-packages/drone/AprilTags.py to AprilTags.cpython-312.pyc
[3.860s] byte-compiling /home/pranav/ros2_ws/install/drone/lib/python3.12/site-packages/drone/calibration.py to calibration.cpython-312.pyc
[3.860s] running install_data
[3.860s] running install_egg_info
[3.884s] removing '/home/pranav/ros2_ws/install/drone/lib/python3.12/site-packages/drone-0.0.0-py3.12.egg-info' (and everything under it)
[3.886s] Copying ../../build/drone/drone.egg-info to /home/pranav/ros2_ws/install/drone/lib/python3.12/site-packages/drone-0.0.0-py3.12.egg-info
[3.892s] running install_scripts
[4.065s] Installing apriltags script to /home/pranav/ros2_ws/install/drone/lib/drone
[4.070s] Installing pathfinder script to /home/pranav/ros2_ws/install/drone/lib/drone
[4.070s] writing list of installed files to '/home/pranav/ros2_ws/build/drone/install.log'
[4.130s] Invoked command in '/home/pranav/ros2_ws/src/drone' returned '0': CONDA_PROMPT_MODIFIER=(base) DEBUGINFOD_URLS=https://debuginfod.ubuntu.com PYTHONPATH=/home/pranav/ros2_ws/build/drone/prefix_override:/usr/lib/python3/dist-packages/colcon_core/task/python/colcon_distutils_commands:/home/pranav/ros2_ws/install/drone/lib/python3.12/site-packages:${PYTHONPATH} /usr/bin/python3 -W ignore:setup.py install is deprecated -W ignore:easy_install command is deprecated setup.py egg_info --egg-base ../../build/drone build --build-base /home/pranav/ros2_ws/build/drone/build install --record /home/pranav/ros2_ws/build/drone/install.log --single-version-externally-managed install_data
